Component: Arm Compiler for Embedded 6.19 Tool: armlink [5e73cb00]

==============================================================================

Section Cross References

    startup_stm32f103xb.o(STACK) refers (Special) to heapauxi.o(.text) for __use_two_region_memory
    startup_stm32f103xb.o(HEAP) refers (Special) to heapauxi.o(.text) for __use_two_region_memory
    startup_stm32f103xb.o(RESET) refers (Special) to heapauxi.o(.text) for __use_two_region_memory
    startup_stm32f103xb.o(RESET) refers to startup_stm32f103xb.o(STACK) for __initial_sp
    startup_stm32f103xb.o(RESET) refers to startup_stm32f103xb.o(.text) for Reset_Handler
    startup_stm32f103xb.o(RESET) refers to stm32f1xx_it.o(.text.NMI_Handler) for NMI_Handler
    startup_stm32f103xb.o(RESET) refers to stm32f1xx_it.o(.text.HardFault_Handler) for HardFault_Handler
    startup_stm32f103xb.o(RESET) refers to stm32f1xx_it.o(.text.MemManage_Handler) for MemManage_Handler
    startup_stm32f103xb.o(RESET) refers to stm32f1xx_it.o(.text.BusFault_Handler) for BusFault_Handler
    startup_stm32f103xb.o(RESET) refers to stm32f1xx_it.o(.text.UsageFault_Handler) for UsageFault_Handler
    startup_stm32f103xb.o(RESET) refers to stm32f1xx_it.o(.text.SVC_Handler) for SVC_Handler
    startup_stm32f103xb.o(RESET) refers to stm32f1xx_it.o(.text.DebugMon_Handler) for DebugMon_Handler
    startup_stm32f103xb.o(RESET) refers to stm32f1xx_it.o(.text.PendSV_Handler) for PendSV_Handler
    startup_stm32f103xb.o(RESET) refers to stm32f1xx_it.o(.text.SysTick_Handler) for SysTick_Handler
    startup_stm32f103xb.o(RESET) refers to stm32f1xx_it.o(.text.USB_LP_CAN1_RX0_IRQHandler) for USB_LP_CAN1_RX0_IRQHandler
    startup_stm32f103xb.o(.text) refers (Special) to heapauxi.o(.text) for __use_two_region_memory
    startup_stm32f103xb.o(.text) refers to system_stm32f1xx.o(.text.SystemInit) for SystemInit
    startup_stm32f103xb.o(.text) refers to __main.o(!!!main) for __main
    startup_stm32f103xb.o(.text) refers to startup_stm32f103xb.o(HEAP) for Heap_Mem
    startup_stm32f103xb.o(.text) refers to startup_stm32f103xb.o(STACK) for Stack_Mem
    main.o(.text.main) refers to stm32f1xx_hal.o(.text.HAL_Init) for HAL_Init
    main.o(.text.main) refers to stm32f1xx_hal_rcc.o(.text.HAL_RCC_OscConfig) for HAL_RCC_OscConfig
    main.o(.text.main) refers to stm32f1xx_hal_rcc.o(.text.HAL_RCC_ClockConfig) for HAL_RCC_ClockConfig
    main.o(.text.main) refers to stm32f1xx_hal_rcc_ex.o(.text.HAL_RCCEx_PeriphCLKConfig) for HAL_RCCEx_PeriphCLKConfig
    main.o(.text.main) refers to usb_device.o(.text.MX_USB_DEVICE_Init) for MX_USB_DEVICE_Init
    main.o(.text.main) refers to stm32f1xx_hal.o(.text.HAL_Delay) for HAL_Delay
    main.o(.ARM.exidx.text.main) refers to main.o(.text.main) for [Anonymous Symbol]
    main.o(.text.SystemClock_Config) refers to stm32f1xx_hal_rcc.o(.text.HAL_RCC_OscConfig) for HAL_RCC_OscConfig
    main.o(.text.SystemClock_Config) refers to stm32f1xx_hal_rcc.o(.text.HAL_RCC_ClockConfig) for HAL_RCC_ClockConfig
    main.o(.text.SystemClock_Config) refers to stm32f1xx_hal_rcc_ex.o(.text.HAL_RCCEx_PeriphCLKConfig) for HAL_RCCEx_PeriphCLKConfig
    main.o(.ARM.exidx.text.SystemClock_Config) refers to main.o(.text.SystemClock_Config) for [Anonymous Symbol]
    main.o(.ARM.exidx.text.Error_Handler) refers to main.o(.text.Error_Handler) for [Anonymous Symbol]
    stm32f1xx_it.o(.ARM.exidx.text.NMI_Handler) refers to stm32f1xx_it.o(.text.NMI_Handler) for [Anonymous Symbol]
    stm32f1xx_it.o(.ARM.exidx.text.HardFault_Handler) refers to stm32f1xx_it.o(.text.HardFault_Handler) for [Anonymous Symbol]
    stm32f1xx_it.o(.ARM.exidx.text.MemManage_Handler) refers to stm32f1xx_it.o(.text.MemManage_Handler) for [Anonymous Symbol]
    stm32f1xx_it.o(.ARM.exidx.text.BusFault_Handler) refers to stm32f1xx_it.o(.text.BusFault_Handler) for [Anonymous Symbol]
    stm32f1xx_it.o(.ARM.exidx.text.UsageFault_Handler) refers to stm32f1xx_it.o(.text.UsageFault_Handler) for [Anonymous Symbol]
    stm32f1xx_it.o(.ARM.exidx.text.SVC_Handler) refers to stm32f1xx_it.o(.text.SVC_Handler) for [Anonymous Symbol]
    stm32f1xx_it.o(.ARM.exidx.text.DebugMon_Handler) refers to stm32f1xx_it.o(.text.DebugMon_Handler) for [Anonymous Symbol]
    stm32f1xx_it.o(.ARM.exidx.text.PendSV_Handler) refers to stm32f1xx_it.o(.text.PendSV_Handler) for [Anonymous Symbol]
    stm32f1xx_it.o(.text.SysTick_Handler) refers to stm32f1xx_hal.o(.text.HAL_IncTick) for HAL_IncTick
    stm32f1xx_it.o(.ARM.exidx.text.SysTick_Handler) refers to stm32f1xx_it.o(.text.SysTick_Handler) for [Anonymous Symbol]
    stm32f1xx_it.o(.text.USB_LP_CAN1_RX0_IRQHandler) refers to usbd_conf.o(.bss.hpcd_USB_FS) for hpcd_USB_FS
    stm32f1xx_it.o(.text.USB_LP_CAN1_RX0_IRQHandler) refers to stm32f1xx_hal_pcd.o(.text.HAL_PCD_IRQHandler) for HAL_PCD_IRQHandler
    stm32f1xx_it.o(.ARM.exidx.text.USB_LP_CAN1_RX0_IRQHandler) refers to stm32f1xx_it.o(.text.USB_LP_CAN1_RX0_IRQHandler) for [Anonymous Symbol]
[...]
    ../clib/angel/sysapp.c                   0x00000000   Number         0  sys_wrch.o ABSOLUTE
    ../clib/angel/sysapp.c                   0x00000000   Number         0  sys_wrch_hlt.o ABSOLUTE
    ../clib/armsys.c                         0x00000000   Number         0  argv_veneer.o ABSOLUTE
    ../clib/armsys.c                         0x00000000   Number         0  argv_veneer.o ABSOLUTE
    ../clib/armsys.c                         0x00000000   Number         0  _get_argv_nomalloc.o ABSOLUTE
    ../clib/armsys.c                         0x00000000   Number         0  no_argv.o ABSOLUTE
    ../clib/heapalloc.c                      0x00000000   Number         0  hrguard.o ABSOLUTE
    ../clib/heapaux.c                        0x00000000   Number         0  heapauxi.o ABSOLUTE
    ../clib/libinit.s                        0x00000000   Number         0  libinit.o ABSOLUTE
    ../clib/libinit.s                        0x00000000   Number         0  libinit2.o ABSOLUTE
    ../clib/libinit.s                        0x00000000   Number         0  libshutdown.o ABSOLUTE
    ../clib/libinit.s                        0x00000000   Number         0  libshutdown2.o ABSOLUTE
    ../clib/signal.c                         0x00000000   Number         0  defsig_rtmem_outer.o ABSOLUTE
    ../clib/signal.c                         0x00000000   Number         0  defsig_rtmem_formal.o ABSOLUTE
    ../clib/signal.c                         0x00000000   Number         0  defsig_exit.o ABSOLUTE
    ../clib/signal.c                         0x00000000   Number         0  defsig_rtmem_inner.o ABSOLUTE
    ../clib/signal.c                         0x00000000   Number         0  __raise.o ABSOLUTE
    ../clib/signal.c                         0x00000000   Number         0  defsig_general.o ABSOLUTE
    ../clib/signal.c                         0x00000000   Number         0  defsig_abrt_inner.o ABSOLUTE
    ../clib/signal.c                         0x00000000   Number         0  defsig_fpe_inner.o ABSOLUTE
    ../clib/signal.c                         0x00000000   Number         0  defsig_rtred_inner.o ABSOLUTE
    ../clib/signal.c                         0x00000000   Number         0  defsig_stak_inner.o ABSOLUTE
    ../clib/signal.c                         0x00000000   Number         0  defsig_pvfn_inner.o ABSOLUTE
    ../clib/signal.c                         0x00000000   Number         0  defsig_cppl_inner.o ABSOLUTE
    ../clib/signal.c                         0x00000000   Number         0  defsig_segv_inner.o ABSOLUTE
    ../clib/signal.c                         0x00000000   Number         0  defsig_other.o ABSOLUTE
    ../clib/signal.s                         0x00000000   Number         0  defsig.o ABSOLUTE
    ../clib/stdlib.c                         0x00000000   Number         0  exit.o ABSOLUTE
    ../fplib/fpinit.s                        0x00000000   Number         0  fpinit.o ABSOLUTE
    ../fplib/fpinit_empty.s                  0x00000000   Number         0  fpinit_empty.o ABSOLUTE
    dc.s                                     0x00000000   Number         0  dc.o ABSOLUTE
    main.c                                   0x00000000   Number         0  main.o ABSOLUTE
    startup_stm32f103xb.s                    0x00000000   Number         0  startup_stm32f103xb.o ABSOLUTE
    stm32f1xx_hal.c                          0x00000000   Number         0  stm32f1xx_hal.o ABSOLUTE
    stm32f1xx_hal_cortex.c                   0x00000000   Number         0  stm32f1xx_hal_cortex.o ABSOLUTE
    stm32f1xx_hal_dma.c                      0x00000000   Number         0  stm32f1xx_hal_dma.o ABSOLUTE
    stm32f1xx_hal_exti.c                     0x00000000   Number         0  stm32f1xx_hal_exti.o ABSOLUTE
    stm32f1xx_hal_flash.c                    0x00000000   Number         0  stm32f1xx_hal_flash.o ABSOLUTE
    stm32f1xx_hal_flash_ex.c                 0x00000000   Number         0  stm32f1xx_hal_flash_ex.o ABSOLUTE
    stm32f1xx_hal_gpio.c                     0x00000000   Number         0  stm32f1xx_hal_gpio.o ABSOLUTE
    stm32f1xx_hal_gpio_ex.c                  0x00000000   Number         0  stm32f1xx_hal_gpio_ex.o ABSOLUTE
    stm32f1xx_hal_msp.c                      0x00000000   Number         0  stm32f1xx_hal_msp.o ABSOLUTE
    stm32f1xx_hal_pcd.c                      0x00000000   Number         0  stm32f1xx_hal_pcd.o ABSOLUTE
    stm32f1xx_hal_pcd_ex.c                   0x00000000   Number         0  stm32f1xx_hal_pcd_ex.o ABSOLUTE
    stm32f1xx_hal_pwr.c                      0x00000000   Number         0  stm32f1xx_hal_pwr.o ABSOLUTE
    stm32f1xx_hal_rcc.c                      0x00000000   Number         0  stm32f1xx_hal_rcc.o ABSOLUTE
    stm32f1xx_hal_rcc_ex.c                   0x00000000   Number         0  stm32f1xx_hal_rcc_ex.o ABSOLUTE
    stm32f1xx_hal_tim.c                      0x00000000   Number         0  stm32f1xx_hal_tim.o ABSOLUTE
    stm32f1xx_hal_tim_ex.c                   0x00000000   Number         0  stm32f1xx_hal_tim_ex.o ABSOLUTE
    stm32f1xx_it.c                           0x00000000   Number         0  stm32f1xx_it.o ABSOLUTE
    stm32f1xx_ll_usb.c                       0x00000000   Number         0  stm32f1xx_ll_usb.o ABSOLUTE
    system_stm32f1xx.c                       0x00000000   Number         0  system_stm32f1xx.o ABSOLUTE
    usb_device.c                             0x00000000   Number         0  usb_device.o ABSOLUTE
    usbd_conf.c                              0x00000000   Number         0  usbd_conf.o ABSOLUTE
    usbd_core.c                              0x00000000   Number         0  usbd_core.o ABSOLUTE
    usbd_ctlreq.c                            0x00000000   Number         0  usbd_ctlreq.o ABSOLUTE
    usbd_custom_hid_if.c                     0x00000000   Number         0  usbd_custom_hid_if.o ABSOLUTE
    usbd_customhid.c                         0x00000000   Number         0  usbd_customhid.o ABSOLUTE
    usbd_desc.c                              0x00000000   Number         0  usbd_desc.o ABSOLUTE
    usbd_ioreq.c                             0x00000000   Number         0  usbd_ioreq.o ABSOLUTE
    RESET                                    0x08000000   Section      236  startup_stm32f103xb.o(RESET)
    !!!main                                  0x080000ec   Section        8  __main.o(!!!main)
    !!!scatter                               0x080000f4   Section       52  __scatter.o(!!!scatter)
    !!dczerorl2                              0x08000128   Section       90  __dczerorl2.o(!!dczerorl2)
    !!handler_zi                             0x08000184   Section       28  __scatter_zi.o(!!handler_zi)
    .ARM.Collect$$libinit$$00000000          0x080001a0   Section        2  libinit.o(.ARM.Collect$$libinit$$00000000)
    .ARM.Collect$$libinit$$00000002          0x080001a2   Section        0  libinit2.o(.ARM.Collect$$libinit$$00000002)
    .ARM.Collect$$libinit$$00000004          0x080001a2   Section        0  libinit2.o(.ARM.Collect$$libinit$$00000004)
    .ARM.Collect$$libinit$$00000006          0x080001a2   Section        0  libinit2.o(.ARM.Collect$$libinit$$00000006)
    .ARM.Collect$$libinit$$0000000C          0x080001a2   Section        0  libinit2.o(.ARM.Collect$$libinit$$0000000C)
    .ARM.Collect$$libinit$$0000000E          0x080001a2   Section        0  libinit2.o(.ARM.Collect$$libinit$$0000000E)
    .ARM.Collect$$libinit$$00000010          0x080001a2   Section        0  libinit2.o(.ARM.Collect$$libinit$$00000010)
    .ARM.Collect$$libinit$$00000013          0x080001a2   Section        0  libinit2.o(.ARM.Collect$$libinit$$00000013)
    .ARM.Collect$$libinit$$00000015          0x080001a2   Section        0  libinit2.o(.ARM.Collect$$libinit$$00000015)
    .ARM.Collect$$libinit$$00000017          0x080001a2   Section        0  libinit2.o(.ARM.Collect$$libinit$$00000017)
    .ARM.Collect$$libinit$$00000019          0x080001a2   Section        0  libinit2.o(.ARM.Collect$$libinit$$00000019)
    .ARM.Collect$$libinit$$0000001B          0x080001a2   Section        0  libinit2.o(.ARM.Collect$$libinit$$0000001B)
    .ARM.Collect$$libinit$$0000001D          0x080001a2   Section        0  libinit2.o(.ARM.Collect$$libinit$$0000001D)
    .ARM.Collect$$libinit$$0000001F          0x080001a2   Section        0  libinit2.o(.ARM.Collect$$libinit$$0000001F)
    .ARM.Collect$$libinit$$00000021          0x080001a2   Section        0  libinit2.o(.ARM.Collect$$libinit$$00000021)
    .ARM.Collect$$libinit$$00000023          0x080001a2   Section        0  libinit2.o(.ARM.Collect$$libinit$$00000023)
    .ARM.Collect$$libinit$$00000025          0x080001a2   Section        0  libinit2.o(.ARM.Collect$$libinit$$00000025)
    .ARM.Collect$$libinit$$00000027          0x080001a2   Section        0  libinit2.o(.ARM.Collect$$libinit$$00000027)
    .ARM.Collect$$libinit$$0000002E          0x080001a2   Section        0  libinit2.o(.ARM.Collect$$libinit$$0000002E)
    .ARM.Collect$$libinit$$00000030          0x080001a2   Section        0  libinit2.o(.ARM.Collect$$libinit$$00000030)
    .ARM.Collect$$libinit$$00000032          0x080001a2   Section        0  libinit2.o(.ARM.Collect$$libinit$$00000032)
    .ARM.Collect$$libinit$$00000034          0x080001a2   Section        0  libinit2.o(.ARM.Collect$$libinit$$00000034)
    .ARM.Collect$$libinit$$00000035          0x080001a2   Section        2  libinit2.o(.ARM.Collect$$libinit$$00000035)
    .ARM.Collect$$libshutdown$$00000000      0x080001a4   Section        2  libshutdown.o(.ARM.Collect$$libshutdown$$00000000)
    .ARM.Collect$$libshutdown$$00000002      0x080001a6   Section        0  libshutdown2.o(.ARM.Collect$$libshutdown$$00000002)
    .ARM.Collect$$libshutdown$$00000004      0x080001a6   Section        0  libshutdown2.o(.ARM.Collect$$libshutdown$$00000004)
    .ARM.Collect$$libshutdown$$00000007      0x080001a6   Section        0  libshutdown2.o(.ARM.Collect$$libshutdown$$00000007)
    .ARM.Collect$$libshutdown$$0000000A      0x080001a6   Section        0  libshutdown2.o(.ARM.Collect$$libshutdown$$0000000A)
    .ARM.Collect$$libshutdown$$0000000C      0x080001a6   Section        0  libshutdown2.o(.ARM.Collect$$libshutdown$$0000000C)
    .ARM.Collect$$libshutdown$$0000000F      0x080001a6   Section        0  libshutdown2.o(.ARM.Collect$$libshutdown$$0000000F)
    .ARM.Collect$$libshutdown$$00000010      0x080001a6   Section        2  libshutdown2.o(.ARM.Collect$$libshutdown$$00000010)
    .ARM.Collect$$rtentry$$00000000          0x080001a8   Section        0  __rtentry.o(.ARM.Collect$$rtentry$$00000000)
    .ARM.Collect$$rtentry$$00000002          0x080001a8   Section        0  __rtentry2.o(.ARM.Collect$$rtentry$$00000002)
    .ARM.Collect$$rtentry$$00000004          0x080001a8   Section        6  __rtentry4.o(.ARM.Collect$$rtentry$$00000004)
    .ARM.Collect$$rtentry$$00000009          0x080001ae   Section        0  __rtentry2.o(.ARM.Collect$$rtentry$$00000009)
    .ARM.Collect$$rtentry$$0000000A          0x080001ae   Section        4  __rtentry2.o(.ARM.Collect$$rtentry$$0000000A)
    .ARM.Collect$$rtentry$$0000000C          0x080001b2   Section        0  __rtentry2.o(.ARM.Collect$$rtentry$$0000000C)
    .ARM.Collect$$rtentry$$0000000D          0x080001b2   Section        8  __rtentry2.o(.ARM.Collect$$rtentry$$0000000D)
    .ARM.Collect$$rtexit$$00000000           0x080001ba   Section        2  rtexit.o(.ARM.Collect$$rtexit$$00000000)
    .ARM.Collect$$rtexit$$00000002           0x080001bc   Section        0  rtexit2.o(.ARM.Collect$$rtexit$$00000002)
    .ARM.Collect$$rtexit$$00000003           0x080001bc   Section        4  rtexit2.o(.ARM.Collect$$rtexit$$00000003)
    .ARM.Collect$$rtexit$$00000004           0x080001c0   Section        6  rtexit2.o(.ARM.Collect$$rtexit$$00000004)
    .text                                    0x080001c8   Section       64  startup_stm32f103xb.o(.text)
    .text                                    0x08000208   Section        0  heapauxi.o(.text)
    .text                                    0x0800020e   Section       74  sys_stackheap_outer.o(.text)
    .text                                    0x08000258   Section        0  exit.o(.text)
    .text                                    0x0800026c   Section        8  libspace.o(.text)
    .text                                    0x08000274   Section        0  sys_exit.o(.text)
    .text                                    0x08000280   Section        2  use_no_semi.o(.text)
    .text                                    0x08000282   Section        0  indicate_semi.o(.text)
    [Anonymous Symbol]                       0x08000284   Section        0  stm32f1xx_it.o(.text.BusFault_Handler)
    CUSTOM_HID_DeInit_FS                     0x08000289   Thumb Code     4  usbd_custom_hid_if.o(.text.CUSTOM_HID_DeInit_FS)
    [Anonymous Symbol]                       0x08000288   Section        0  usbd_custom_hid_if.o(.text.CUSTOM_HID_DeInit_FS)
    CUSTOM_HID_Init_FS                       0x0800028d   Thumb Code     4  usbd_custom_hid_if.o(.text.CUSTOM_HID_Init_FS)
    [Anonymous Symbol]                       0x0800028c   Section        0  usbd_custom_hid_if.o(.text.CUSTOM_HID_Init_FS)
    CUSTOM_HID_OutEvent_FS                   0x08000291   Thumb Code   424  usbd_custom_hid_if.o(.text.CUSTOM_HID_OutEvent_FS)
    [Anonymous Symbol]                       0x08000290   Section        0  usbd_custom_hid_if.o(.text.CUSTOM_HID_OutEvent_FS)
    [Anonymous Symbol]                       0x08000438   Section        0  stm32f1xx_it.o(.text.DebugMon_Handler)
    [Anonymous Symbol]                       0x0800043c   Section        0  main.o(.text.Error_Handler)
    [Anonymous Symbol]                       0x08000448   Section        0  stm32f1xx_hal.o(.text.HAL_Delay)
    [Anonymous Symbol]                       0x08000470   Section        0  stm32f1xx_hal.o(.text.HAL_GetTick)
    [Anonymous Symbol]                       0x0800047c   Section        0  stm32f1xx_hal.o(.text.HAL_IncTick)
    [Anonymous Symbol]                       0x08000498   Section        0  stm32f1xx_hal.o(.text.HAL_Init)
    [Anonymous Symbol]                       0x080004c0   Section        0  stm32f1xx_hal.o(.text.HAL_InitTick)
    [Anonymous Symbol]                       0x08000508   Section        0  stm32f1xx_hal_msp.o(.text.HAL_MspInit)
    [Anonymous Symbol]                       0x0800053c   Section        0  stm32f1xx_hal_cortex.o(.text.HAL_NVIC_EnableIRQ)
    [Anonymous Symbol]                       0x08000564   Section        0  stm32f1xx_hal_cortex.o(.text.HAL_NVIC_SetPriority)
    [Anonymous Symbol]                       0x080005bc   Section        0  stm32f1xx_hal_cortex.o(.text.HAL_NVIC_SetPriorityGrouping)
    [Anonymous Symbol]                       0x080005dc   Section        0  stm32f1xx_hal_pcd_ex.o(.text.HAL_PCDEx_PMAConfig)
    [Anonymous Symbol]                       0x08000618   Section        0  usbd_conf.o(.text.HAL_PCDEx_SetConnectionState)
    [Anonymous Symbol]                       0x0800061c   Section        0  usbd_conf.o(.text.HAL_PCD_DataInStageCallback)
    [Anonymous Symbol]                       0x08000630   Section        0  usbd_conf.o(.text.HAL_PCD_DataOutStageCallback)
    [Anonymous Symbol]                       0x08000648   Section        0  stm32f1xx_hal_pcd.o(.text.HAL_PCD_EP_Close)
    [Anonymous Symbol]                       0x08000698   Section        0  stm32f1xx_hal_pcd.o(.text.HAL_PCD_EP_ClrStall)
    [Anonymous Symbol]                       0x080006fc   Section        0  stm32f1xx_hal_pcd.o(.text.HAL_PCD_EP_Open)
    [Anonymous Symbol]                       0x0800075c   Section        0  stm32f1xx_hal_pcd.o(.text.HAL_PCD_EP_Receive)
    [Anonymous Symbol]                       0x08000790   Section        0  stm32f1xx_hal_pcd.o(.text.HAL_PCD_EP_SetStall)
    [Anonymous Symbol]                       0x0800080c   Section        0  stm32f1xx_hal_pcd.o(.text.HAL_PCD_EP_Transmit)
    [Anonymous Symbol]                       0x08000844   Section        0  stm32f1xx_hal_pcd.o(.text.HAL_PCD_IRQHandler)
    [Anonymous Symbol]                       0x080011dc   Section        0  stm32f1xx_hal_pcd.o(.text.HAL_PCD_Init)
    [Anonymous Symbol]                       0x080012c4   Section        0  usbd_conf.o(.text.HAL_PCD_MspInit)
    [Anonymous Symbol]                       0x0800130c   Section        0  usbd_conf.o(.text.HAL_PCD_ResetCallback)
    [Anonymous Symbol]                       0x08001330   Section        0  usbd_conf.o(.text.HAL_PCD_ResumeCallback)
    [Anonymous Symbol]                       0x08001338   Section        0  usbd_conf.o(.text.HAL_PCD_SOFCallback)
    [Anonymous Symbol]                       0x08001340   Section        0  stm32f1xx_hal_pcd.o(.text.HAL_PCD_SetAddress)
    [Anonymous Symbol]                       0x08001368   Section        0  usbd_conf.o(.text.HAL_PCD_SetupStageCallback)
    [Anonymous Symbol]                       0x08001378   Section        0  stm32f1xx_hal_pcd.o(.text.HAL_PCD_Start)
    [Anonymous Symbol]                       0x080013ac   Section        0  usbd_conf.o(.text.HAL_PCD_SuspendCallback)
    [Anonymous Symbol]                       0x080013d4   Section        0  stm32f1xx_hal_rcc_ex.o(.text.HAL_RCCEx_PeriphCLKConfig)
    [Anonymous Symbol]                       0x080014e0   Section        0  stm32f1xx_hal_rcc.o(.text.HAL_RCC_ClockConfig)
    [Anonymous Symbol]                       0x080016a0   Section        0  stm32f1xx_hal_rcc.o(.text.HAL_RCC_OscConfig)
    [Anonymous Symbol]                       0x08001a54   Section        0  stm32f1xx_hal_cortex.o(.text.HAL_SYSTICK_Config)
    [Anonymous Symbol]                       0x08001a80   Section        0  stm32f1xx_it.o(.text.HardFault_Handler)
    [Anonymous Symbol]                       0x08001a84   Section        0  usb_device.o(.text.MX_USB_DEVICE_Init)
    [Anonymous Symbol]                       0x08001af8   Section        0  stm32f1xx_it.o(.text.MemManage_Handler)
    [Anonymous Symbol]                       0x08001afc   Section        0  stm32f1xx_it.o(.text.NMI_Handler)
    [Anonymous Symbol]                       0x08001b00   Section        0  stm32f1xx_it.o(.text.PendSV_Handler)
    [Anonymous Symbol]                       0x08001b04   Section        0  stm32f1xx_it.o(.text.SVC_Handler)
    [Anonymous Symbol]                       0x08001b08   Section        0  stm32f1xx_it.o(.text.SysTick_Handler)
    [Anonymous Symbol]                       0x08001b0c   Section        0  system_stm32f1xx.o(.text.SystemInit)
    USBD_CUSTOM_HID_DataIn                   0x08001b11   Thumb Code    14  usbd_customhid.o(.text.USBD_CUSTOM_HID_DataIn)
    [Anonymous Symbol]                       0x08001b10   Section        0  usbd_customhid.o(.text.USBD_CUSTOM_HID_DataIn)
    USBD_CUSTOM_HID_DataOut                  0x08001b21   Thumb Code    36  usbd_customhid.o(.text.USBD_CUSTOM_HID_DataOut)
    [Anonymous Symbol]                       0x08001b20   Section        0  usbd_customhid.o(.text.USBD_CUSTOM_HID_DataOut)
    USBD_CUSTOM_HID_DeInit                   0x08001b45   Thumb Code    56  usbd_customhid.o(.text.USBD_CUSTOM_HID_DeInit)
    [Anonymous Symbol]                       0x08001b44   Section        0  usbd_customhid.o(.text.USBD_CUSTOM_HID_DeInit)
    USBD_CUSTOM_HID_EP0_RxReady              0x08001b7d   Thumb Code    32  usbd_customhid.o(.text.USBD_CUSTOM_HID_EP0_RxReady)
    [Anonymous Symbol]                       0x08001b7c   Section        0  usbd_customhid.o(.text.USBD_CUSTOM_HID_EP0_RxReady)
    USBD_CUSTOM_HID_GetDeviceQualifierDesc   0x08001b9d   Thumb Code    16  usbd_customhid.o(.text.USBD_CUSTOM_HID_GetDeviceQualifierDesc)
    [Anonymous Symbol]                       0x08001b9c   Section        0  usbd_customhid.o(.text.USBD_CUSTOM_HID_GetDeviceQualifierDesc)
    USBD_CUSTOM_HID_GetFSCfgDesc             0x08001bad   Thumb Code    16  usbd_customhid.o(.text.USBD_CUSTOM_HID_GetFSCfgDesc)
    [Anonymous Symbol]                       0x08001bac   Section        0  usbd_customhid.o(.text.USBD_CUSTOM_HID_GetFSCfgDesc)
    USBD_CUSTOM_HID_GetHSCfgDesc             0x08001bbd   Thumb Code    16  usbd_customhid.o(.text.USBD_CUSTOM_HID_GetHSCfgDesc)
    [Anonymous Symbol]                       0x08001bbc   Section        0  usbd_customhid.o(.text.USBD_CUSTOM_HID_GetHSCfgDesc)
    USBD_CUSTOM_HID_GetOtherSpeedCfgDesc     0x08001bcd   Thumb Code    16  usbd_customhid.o(.text.USBD_CUSTOM_HID_GetOtherSpeedCfgDesc)
    [Anonymous Symbol]                       0x08001bcc   Section        0  usbd_customhid.o(.text.USBD_CUSTOM_HID_GetOtherSpeedCfgDesc)
    USBD_CUSTOM_HID_Init                     0x08001bdd   Thumb Code    78  usbd_customhid.o(.text.USBD_CUSTOM_HID_Init)
    [Anonymous Symbol]                       0x08001bdc   Section        0  usbd_customhid.o(.text.USBD_CUSTOM_HID_Init)
    [Anonymous Symbol]                       0x08001c2c   Section        0  usbd_customhid.o(.text.USBD_CUSTOM_HID_RegisterInterface)
    [Anonymous Symbol]                       0x08001c3c   Section        0  usbd_customhid.o(.text.USBD_CUSTOM_HID_SendReport)
    USBD_CUSTOM_HID_Setup                    0x08001c79   Thumb Code   290  usbd_customhid.o(.text.USBD_CUSTOM_HID_Setup)
    [Anonymous Symbol]                       0x08001c78   Section        0  usbd_customhid.o(.text.USBD_CUSTOM_HID_Setup)
    [Anonymous Symbol]                       0x08001d9c   Section        0  usbd_core.o(.text.USBD_ClrClassConfig)
    [Anonymous Symbol]                       0x08001dac   Section        0  usbd_ioreq.o(.text.USBD_CtlContinueRx)
    [Anonymous Symbol]                       0x08001dbc   Section        0  usbd_ioreq.o(.text.USBD_CtlContinueSendData)
    [Anonymous Symbol]                       0x08001dcc   Section        0  usbd_ctlreq.o(.text.USBD_CtlError)
    [Anonymous Symbol]                       0x08001de4   Section        0  usbd_ioreq.o(.text.USBD_CtlPrepareRx)
    [Anonymous Symbol]                       0x08001e00   Section        0  usbd_ioreq.o(.text.USBD_CtlReceiveStatus)
    [Anonymous Symbol]                       0x08001e18   Section        0  usbd_ioreq.o(.text.USBD_CtlSendData)
    [Anonymous Symbol]                       0x08001e34   Section        0  usbd_ioreq.o(.text.USBD_CtlSendStatus)
    [Anonymous Symbol]                       0x08001e4c   Section        0  usbd_desc.o(.text.USBD_FS_ConfigStrDescriptor)
    [Anonymous Symbol]                       0x08001e78   Section        0  usbd_desc.o(.text.USBD_FS_DeviceDescriptor)
    [Anonymous Symbol]                       0x08001e88   Section        0  usbd_desc.o(.text.USBD_FS_InterfaceStrDescriptor)
    [Anonymous Symbol]                       0x08001eb8   Section        0  usbd_desc.o(.text.USBD_FS_LangIDStrDescriptor)
    [Anonymous Symbol]                       0x08001ec8   Section        0  usbd_desc.o(.text.USBD_FS_ManufacturerStrDescriptor)
    [Anonymous Symbol]                       0x08001ee8   Section        0  usbd_desc.o(.text.USBD_FS_ProductStrDescriptor)
    [Anonymous Symbol]                       0x08001f20   Section        0  usbd_desc.o(.text.USBD_FS_SerialStrDescriptor)
    [Anonymous Symbol]                       0x0800208c   Section        0  usbd_ctlreq.o(.text.USBD_GetString)
    [Anonymous Symbol]                       0x08002168   Section        0  usbd_core.o(.text.USBD_Init)
    [Anonymous Symbol]                       0x08002198   Section        0  usbd_conf.o(.text.USBD_LL_ClearStallEP)
    [Anonymous Symbol]                       0x080021bc   Section        0  usbd_conf.o(.text.USBD_LL_CloseEP)
    [Anonymous Symbol]                       0x080021e0   Section        0  usbd_core.o(.text.USBD_LL_DataInStage)
    [Anonymous Symbol]                       0x080022ac   Section        0  usbd_core.o(.text.USBD_LL_DataOutStage)
    [Anonymous Symbol]                       0x08002338   Section        0  usbd_conf.o(.text.USBD_LL_Init)
    [Anonymous Symbol]                       0x080023ac   Section        0  usbd_conf.o(.text.USBD_LL_IsStallEP)
    [Anonymous Symbol]                       0x080023d0   Section        0  usbd_conf.o(.text.USBD_LL_OpenEP)
    [Anonymous Symbol]                       0x080023f8   Section        0  usbd_conf.o(.text.USBD_LL_PrepareReceive)
    [Anonymous Symbol]                       0x0800241c   Section        0  usbd_core.o(.text.USBD_LL_Reset)
    [Anonymous Symbol]                       0x08002470   Section        0  usbd_core.o(.text.USBD_LL_Resume)
    [Anonymous Symbol]                       0x08002484   Section        0  usbd_core.o(.text.USBD_LL_SOF)
    [Anonymous Symbol]                       0x080024a0   Section        0  usbd_core.o(.text.USBD_LL_SetSpeed)
    [Anonymous Symbol]                       0x080024a8   Section        0  usbd_conf.o(.text.USBD_LL_SetUSBAddress)
    [Anonymous Symbol]                       0x080024cc   Section        0  usbd_core.o(.text.USBD_LL_SetupStage)
    [Anonymous Symbol]                       0x08002530   Section        0  usbd_conf.o(.text.USBD_LL_StallEP)
    [Anonymous Symbol]                       0x08002554   Section        0  usbd_conf.o(.text.USBD_LL_Start)
    [Anonymous Symbol]                       0x08002578   Section        0  usbd_core.o(.text.USBD_LL_Suspend)
    [Anonymous Symbol]                       0x0800258c   Section        0  usbd_conf.o(.text.USBD_LL_Transmit)
    [Anonymous Symbol]                       0x080025b0   Section        0  usbd_ctlreq.o(.text.USBD_ParseSetupRequest)
    [Anonymous Symbol]                       0x080025c8   Section        0  usbd_core.o(.text.USBD_RegisterClass)
    [Anonymous Symbol]                       0x080025d8   Section        0  usbd_core.o(.text.USBD_SetClassConfig)
    [Anonymous Symbol]                       0x080025f4   Section        0  usbd_core.o(.text.USBD_Start)
    [Anonymous Symbol]                       0x08002600   Section        0  usbd_ctlreq.o(.text.USBD_StdDevReq)
    [Anonymous Symbol]                       0x080028cc   Section        0  usbd_ctlreq.o(.text.USBD_StdEPReq)
    [Anonymous Symbol]                       0x08002a14   Section        0  usbd_ctlreq.o(.text.USBD_StdItfReq)
    [Anonymous Symbol]                       0x08002a8c   Section        0  usbd_conf.o(.text.USBD_static_free)
    [Anonymous Symbol]                       0x08002a90   Section        0  usbd_conf.o(.text.USBD_static_malloc)
    [Anonymous Symbol]                       0x08002a9c   Section        0  stm32f1xx_ll_usb.o(.text.USB_ActivateEndpoint)
    [Anonymous Symbol]                       0x08002ce8   Section        0  stm32f1xx_ll_usb.o(.text.USB_CoreInit)
    [Anonymous Symbol]                       0x08002cec   Section        0  stm32f1xx_ll_usb.o(.text.USB_DeactivateEndpoint)
    [Anonymous Symbol]                       0x08002dd0   Section        0  stm32f1xx_ll_usb.o(.text.USB_DevConnect)
    [Anonymous Symbol]                       0x08002dd4   Section        0  stm32f1xx_ll_usb.o(.text.USB_DevDisconnect)
    [Anonymous Symbol]                       0x08002dd8   Section        0  stm32f1xx_ll_usb.o(.text.USB_DevInit)
    [Anonymous Symbol]                       0x08002df4   Section        0  stm32f1xx_ll_usb.o(.text.USB_DisableGlobalInt)
    [Anonymous Symbol]                       0x08002e08   Section        0  stm32f1xx_ll_usb.o(.text.USB_EP0_OutStart)
    [Anonymous Symbol]                       0x08002e0c   Section        0  stm32f1xx_ll_usb.o(.text.USB_EPClearStall)
    [Anonymous Symbol]                       0x08002e88   Section        0  stm32f1xx_ll_usb.o(.text.USB_EPSetStall)
    [Anonymous Symbol]                       0x08002ebc   Section        0  stm32f1xx_ll_usb.o(.text.USB_EPStartXfer)
    [Anonymous Symbol]                       0x080036fc   Section        0  stm32f1xx_ll_usb.o(.text.USB_EnableGlobalInt)
    [Anonymous Symbol]                       0x08003710   Section        0  stm32f1xx_it.o(.text.USB_LP_CAN1_RX0_IRQHandler)
    [Anonymous Symbol]                       0x0800371c   Section        0  stm32f1xx_ll_usb.o(.text.USB_ReadInterrupts)
    [Anonymous Symbol]                       0x08003724   Section        0  stm32f1xx_ll_usb.o(.text.USB_ReadPMA)
    [Anonymous Symbol]                       0x080037c4   Section        0  stm32f1xx_ll_usb.o(.text.USB_SetCurrentMode)
    [Anonymous Symbol]                       0x080037c8   Section        0  stm32f1xx_ll_usb.o(.text.USB_SetDevAddress)
    [Anonymous Symbol]                       0x080037d8   Section        0  stm32f1xx_ll_usb.o(.text.USB_WritePMA)
    [Anonymous Symbol]                       0x08003860   Section        0  stm32f1xx_it.o(.text.UsageFault_Handler)
    [Anonymous Symbol]                       0x08003864   Section        0  main.o(.text.main)
    HAL_RCC_GetSysClockFreq.aPredivFactorTable 0x0800392e   Data           2  stm32f1xx_hal_rcc.o(.rodata.HAL_RCC_GetSysClockFreq.aPredivFactorTable)
    [Anonymous Symbol]                       0x0800392e   Section        0  stm32f1xx_hal_rcc.o(.rodata.HAL_RCC_GetSysClockFreq.aPredivFactorTable)
    HAL_RCC_GetSysClockFreq.aPLLMULFactorTable 0x08003930   Data          16  stm32f1xx_hal_rcc.o(.rodata.cst16)
    [Anonymous Symbol]                       0x08003930   Section        0  stm32f1xx_hal_rcc.o(.rodata.cst16)
    .L_MergedGlobals                         0x20000000   Data           8  stm32f1xx_hal.o(.data..L_MergedGlobals)
    [Anonymous Symbol]                       0x20000000   Section        0  stm32f1xx_hal.o(.data..L_MergedGlobals)
    CUSTOM_HID_ReportDesc_FS                 0x20000008   Data          34  usbd_custom_hid_if.o(.data.CUSTOM_HID_ReportDesc_FS)
    [Anonymous Symbol]                       0x20000008   Section        0  usbd_custom_hid_if.o(.data.CUSTOM_HID_ReportDesc_FS)
    USBD_CUSTOM_HID_CfgFSDesc                0x20000084   Data          41  usbd_customhid.o(.data.USBD_CUSTOM_HID_CfgFSDesc)
    [Anonymous Symbol]                       0x20000084   Section        0  usbd_customhid.o(.data.USBD_CUSTOM_HID_CfgFSDesc)
    USBD_CUSTOM_HID_CfgHSDesc                0x200000b0   Data          41  usbd_customhid.o(.data.USBD_CUSTOM_HID_CfgHSDesc)
    [Anonymous Symbol]                       0x200000b0   Section        0  usbd_customhid.o(.data.USBD_CUSTOM_HID_CfgHSDesc)
    USBD_CUSTOM_HID_Desc                     0x200000dc   Data           9  usbd_customhid.o(.data.USBD_CUSTOM_HID_Desc)
    [Anonymous Symbol]                       0x200000dc   Section        0  usbd_customhid.o(.data.USBD_CUSTOM_HID_Desc)
    USBD_CUSTOM_HID_DeviceQualifierDesc      0x200000e8   Data          10  usbd_customhid.o(.data.USBD_CUSTOM_HID_DeviceQualifierDesc)
    [Anonymous Symbol]                       0x200000e8   Section        0  usbd_customhid.o(.data.USBD_CUSTOM_HID_DeviceQualifierDesc)
    USBD_CUSTOM_HID_OtherSpeedCfgDesc        0x200000f4   Data          41  usbd_customhid.o(.data.USBD_CUSTOM_HID_OtherSpeedCfgDesc)
    [Anonymous Symbol]                       0x200000f4   Section        0  usbd_customhid.o(.data.USBD_CUSTOM_HID_OtherSpeedCfgDesc)
    .bss                                     0x20000168   Section       96  libspace.o(.bss)
    USBD_SetConfig.cfgidx                    0x200001c8   Data           1  usbd_ctlreq.o(.bss.USBD_SetConfig.cfgidx)
    [Anonymous Symbol]                       0x200001c8   Section        0  usbd_ctlreq.o(.bss.USBD_SetConfig.cfgidx)
    USBD_static_malloc.mem                   0x200003cc   Data          88  usbd_conf.o(.bss.USBD_static_malloc.mem)
    [Anonymous Symbol]                       0x200003cc   Section        0  usbd_conf.o(.bss.USBD_static_malloc.mem)
    Heap_Mem                                 0x20000a20   Data         512  startup_stm32f103xb.o(HEAP)
    HEAP                                     0x20000a20   Section      512  startup_stm32f103xb.o(HEAP)
    Stack_Mem                                0x20000c20   Data        1024  startup_stm32f103xb.o(STACK)
    STACK                                    0x20000c20   Section     1024  startup_stm32f103xb.o(STACK)
    __initial_sp                             0x20001020   Data           0  startup_stm32f103xb.o(STACK)

    Global Symbols

    Symbol Name                              Value     Ov Type        Size  Object(Section)

    BuildAttributes$$THM_ISAv4$P$D$K$B$S$PE$A:L22UL41UL21$X:L11$S22US41US21$IEEE1$IW$~IW$USESV6$~STKCKD$USESV7$~SHL$OTIME$ROPI$EBA8$UX$STANDARDLIB$REQ8$PRES8$EABIv2 0x00000000   Number         0  anon$$obj.o ABSOLUTE
    __fp_init_empty                          0x00000000   Number         0  fpinit_empty.o ABSOLUTE
    __ARM_exceptions_init                     - Undefined Weak Reference
    __alloca_initialize                       - Undefined Weak Reference
    __arm_preinit_                            - Undefined Weak Reference
    __arm_relocate_pie_                       - Undefined Weak Reference
    __cpp_initialize__aeabi_                  - Undefined Weak Reference
    __cxa_finalize                            - Undefined Weak Reference
    __rt_locale                               - Undefined Weak Reference
    __sigvec_lookup                           - Undefined Weak Reference
    _atexit_init                              - Undefined Weak Reference
    _call_atexit_fns                          - Undefined Weak Reference
    _clock_init                               - Undefined Weak Reference
    _fp_trap_init                             - Undefined Weak Reference
    _fp_trap_shutdown                         - Undefined Weak Reference
    _get_lc_collate                           - Undefined Weak Reference
    _get_lc_ctype                             - Undefined Weak Reference
    _get_lc_monetary                          - Undefined Weak Reference
    _get_lc_numeric                           - Undefined Weak Reference
    _get_lc_time                              - Undefined Weak Reference
    _getenv_init                              - Undefined Weak Reference
    _handle_redirection                       - Undefined Weak Reference
    _init_alloc                               - Undefined Weak Reference
    _init_user_alloc                          - Undefined Weak Reference
    _initio                                   - Undefined Weak Reference
    _rand_init                                - Undefined Weak Reference
    _signal_finish                            - Undefined Weak Reference
    _signal_init                              - Undefined Weak Reference
    _terminate_alloc                          - Undefined Weak Reference
    _terminate_user_alloc                     - Undefined Weak Reference
    _terminateio                              - Undefined Weak Reference
    __Vectors_Size                           0x000000ec   Number         0  startup_stm32f103xb.o ABSOLUTE
    __Vectors                                0x08000000   Data           4  startup_stm32f103xb.o(RESET)
    __Vectors_End                            0x080000ec   Data           0  startup_stm32f103xb.o(RESET)
    __main                                   0x080000ed   Thumb Code     8  __main.o(!!!main)
    __scatterload                            0x080000f5   Thumb Code     0  __scatter.o(!!!scatter)
    __scatterload_rt2                        0x080000f5   Thumb Code    44  __scatter.o(!!!scatter)
    __scatterload_rt2_thumb_only             0x080000f5   Thumb Code     0  __scatter.o(!!!scatter)
    __scatterload_null                       0x08000103   Thumb Code     0  __scatter.o(!!!scatter)
    __decompress                             0x08000129   Thumb Code    90  __dczerorl2.o(!!dczerorl2)
    __decompress1                            0x08000129   Thumb Code     0  __dczerorl2.o(!!dczerorl2)
    __scatterload_zeroinit                   0x08000185   Thumb Code    28  __scatter_zi.o(!!handler_zi)
    __rt_lib_init                            0x080001a1   Thumb Code     0  libinit.o(.ARM.Collect$$libinit$$00000000)
    __rt_lib_init_alloca_1                   0x080001a3   Thumb Code     0  libinit2.o(.ARM.Collect$$libinit$$00000030)
    __rt_lib_init_argv_1                     0x080001a3   Thumb Code     0  libinit2.o(.ARM.Collect$$libinit$$0000002E)
    __rt_lib_init_atexit_1                   0x080001a3   Thumb Code     0  libinit2.o(.ARM.Collect$$libinit$$0000001D)
    __rt_lib_init_clock_1                    0x080001a3   Thumb Code     0  libinit2.o(.ARM.Collect$$libinit$$00000023)
    __rt_lib_init_cpp_1                      0x080001a3   Thumb Code     0  libinit2.o(.ARM.Collect$$libinit$$00000034)
    __rt_lib_init_exceptions_1               0x080001a3   Thumb Code     0  libinit2.o(.ARM.Collect$$libinit$$00000032)
    __rt_lib_init_fp_1                       0x080001a3   Thumb Code     0  libinit2.o(.ARM.Collect$$libinit$$00000002)
    __rt_lib_init_fp_trap_1                  0x080001a3   Thumb Code     0  libinit2.o(.ARM.Collect$$libinit$$00000021)
    __rt_lib_init_getenv_1                   0x080001a3   Thumb Code     0  libinit2.o(.ARM.Collect$$libinit$$00000025)
    __rt_lib_init_heap_1                     0x080001a3   Thumb Code     0  libinit2.o(.ARM.Collect$$libinit$$0000000C)
    __rt_lib_init_lc_collate_1               0x080001a3   Thumb Code     0  libinit2.o(.ARM.Collect$$libinit$$00000013)
    __rt_lib_init_lc_ctype_1                 0x080001a3   Thumb Code     0  libinit2.o(.ARM.Collect$$libinit$$00000015)
    __rt_lib_init_lc_monetary_1              0x080001a3   Thumb Code     0  libinit2.o(.ARM.Collect$$libinit$$00000017)
    __rt_lib_init_lc_numeric_1               0x080001a3   Thumb Code     0  libinit2.o(.ARM.Collect$$libinit$$00000019)
    __rt_lib_init_lc_time_1                  0x080001a3   Thumb Code     0  libinit2.o(.ARM.Collect$$libinit$$0000001B)
    __rt_lib_init_preinit_1                  0x080001a3   Thumb Code     0  libinit2.o(.ARM.Collect$$libinit$$00000006)
    __rt_lib_init_rand_1                     0x080001a3   Thumb Code     0  libinit2.o(.ARM.Collect$$libinit$$00000010)
    __rt_lib_init_relocate_pie_1             0x080001a3   Thumb Code     0  libinit2.o(.ARM.Collect$$libinit$$00000004)
    __rt_lib_init_return                     0x080001a3   Thumb Code     0  libinit2.o(.ARM.Collect$$libinit$$00000035)
    __rt_lib_init_signal_1                   0x080001a3   Thumb Code     0  libinit2.o(.ARM.Collect$$libinit$$0000001F)
    __rt_lib_init_stdio_1                    0x080001a3   Thumb Code     0  libinit2.o(.ARM.Collect$$libinit$$00000027)
    __rt_lib_init_user_alloc_1               0x080001a3   Thumb Code     0  libinit2.o(.ARM.Collect$$libinit$$0000000E)
    __rt_lib_shutdown                        0x080001a5   Thumb Code     0  libshutdown.o(.ARM.Collect$$libshutdown$$00000000)
    __rt_lib_shutdown_cpp_1                  0x080001a7   Thumb Code     0  libshutdown2.o(.ARM.Collect$$libshutdown$$00000002)
    __rt_lib_shutdown_fp_trap_1              0x080001a7   Thumb Code     0  libshutdown2.o(.ARM.Collect$$libshutdown$$00000007)
    __rt_lib_shutdown_heap_1                 0x080001a7   Thumb Code     0  libshutdown2.o(.ARM.Collect$$libshutdown$$0000000F)
    __rt_lib_shutdown_return                 0x080001a7   Thumb Code     0  libshutdown2.o(.ARM.Collect$$libshutdown$$00000010)
    __rt_lib_shutdown_signal_1               0x080001a7   Thumb Code     0  libshutdown2.o(.ARM.Collect$$libshutdown$$0000000A)
    __rt_lib_shutdown_stdio_1                0x080001a7   Thumb Code     0  libshutdown2.o(.ARM.Collect$$libshutdown$$00000004)
    __rt_lib_shutdown_user_alloc_1           0x080001a7   Thumb Code     0  libshutdown2.o(.ARM.Collect$$libshutdown$$0000000C)
    __rt_entry                               0x080001a9   Thumb Code     0  __rtentry.o(.ARM.Collect$$rtentry$$00000000)
    __rt_entry_presh_1                       0x080001a9   Thumb Code     0  __rtentry2.o(.ARM.Collect$$rtentry$$00000002)
    __rt_entry_sh                            0x080001a9   Thumb Code     0  __rtentry4.o(.ARM.Collect$$rtentry$$00000004)
    __rt_entry_li                            0x080001af   Thumb Code     0  __rtentry2.o(.ARM.Collect$$rtentry$$0000000A)
    __rt_entry_postsh_1                      0x080001af   Thumb Code     0  __rtentry2.o(.ARM.Collect$$rtentry$$00000009)
    __rt_entry_main                          0x080001b3   Thumb Code     0  __rtentry2.o(.ARM.Collect$$rtentry$$0000000D)
    __rt_entry_postli_1                      0x080001b3   Thumb Code     0  __rtentry2.o(.ARM.Collect$$rtentry$$0000000C)
    __rt_exit                                0x080001bb   Thumb Code     0  rtexit.o(.ARM.Collect$$rtexit$$00000000)
    __rt_exit_ls                             0x080001bd   Thumb Code     0  rtexit2.o(.ARM.Collect$$rtexit$$00000003)
    __rt_exit_prels_1                        0x080001bd   Thumb Code     0  rtexit2.o(.ARM.Collect$$rtexit$$00000002)
    __rt_exit_exit                           0x080001c1   Thumb Code     0  rtexit2.o(.ARM.Collect$$rtexit$$00000004)
    Reset_Handler                            0x080001c9   Thumb Code     8  startup_stm32f103xb.o(.text)
    ADC1_2_IRQHandler                        0x080001e3   Thumb Code     0  startup_stm32f103xb.o(.text)
    CAN1_RX1_IRQHandler                      0x080001e3   Thumb Code     0  startup_stm32f103xb.o(.text)
    CAN1_SCE_IRQHandler                      0x080001e3   Thumb Code     0  startup_stm32f103xb.o(.text)
    DMA1_Channel1_IRQHandler                 0x080001e3   Thumb Code     0  startup_stm32f103xb.o(.text)
    DMA1_Channel2_IRQHandler                 0x080001e3   Thumb Code     0  startup_stm32f103xb.o(.text)
    DMA1_Channel3_IRQHandler                 0x080001e3   Thumb Code     0  startup_stm32f103xb.o(.text)
    DMA1_Channel4_IRQHandler                 0x080001e3   Thumb Code     0  startup_stm32f103xb.o(.text)
    DMA1_Channel5_IRQHandler                 0x080001e3   Thumb Code     0  startup_stm32f103xb.o(.text)
    DMA1_Channel6_IRQHandler                 0x080001e3   Thumb Code     0  startup_stm32f103xb.o(.text)
    DMA1_Channel7_IRQHandler                 0x080001e3   Thumb Code     0  startup_stm32f103xb.o(.text)
    EXTI0_IRQHandler                         0x080001e3   Thumb Code     0  startup_stm32f103xb.o(.text)
    EXTI15_10_IRQHandler                     0x080001e3   Thumb Code     0  startup_stm32f103xb.o(.text)
    EXTI1_IRQHandler                         0x080001e3   Thumb Code     0  startup_stm32f103xb.o(.text)
    EXTI2_IRQHandler                         0x080001e3   Thumb Code     0  startup_stm32f103xb.o(.text)
    EXTI3_IRQHandler                         0x080001e3   Thumb Code     0  startup_stm32f103xb.o(.text)
    EXTI4_IRQHandler                         0x080001e3   Thumb Code     0  startup_stm32f103xb.o(.text)
    EXTI9_5_IRQHandler                       0x080001e3   Thumb Code     0  startup_stm32f103xb.o(.text)
    FLASH_IRQHandler                         0x080001e3   Thumb Code     0  startup_stm32f103xb.o(.text)
    I2C1_ER_IRQHandler                       0x080001e3   Thumb Code     0  startup_stm32f103xb.o(.text)
    I2C1_EV_IRQHandler                       0x080001e3   Thumb Code     0  startup_stm32f103xb.o(.text)
    I2C2_ER_IRQHandler                       0x080001e3   Thumb Code     0  startup_stm32f103xb.o(.text)
    I2C2_EV_IRQHandler                       0x080001e3   Thumb Code     0  startup_stm32f103xb.o(.text)
    PVD_IRQHandler                           0x080001e3   Thumb Code     0  startup_stm32f103xb.o(.text)
    RCC_IRQHandler                           0x080001e3   Thumb Code     0  startup_stm32f103xb.o(.text)
    RTC_Alarm_IRQHandler                     0x080001e3   Thumb Code     0  startup_stm32f103xb.o(.text)
    RTC_IRQHandler                           0x080001e3   Thumb Code     0  startup_stm32f103xb.o(.text)
    SPI1_IRQHandler                          0x080001e3   Thumb Code     0  startup_stm32f103xb.o(.text)
    SPI2_IRQHandler                          0x080001e3   Thumb Code     0  startup_stm32f103xb.o(.text)
    TAMPER_IRQHandler                        0x080001e3   Thumb Code     0  startup_stm32f103xb.o(.text)
    TIM1_BRK_IRQHandler                      0x080001e3   Thumb Code     0  startup_stm32f103xb.o(.text)
    TIM1_CC_IRQHandler                       0x080001e3   Thumb Code     0  startup_stm32f103xb.o(.text)
    TIM1_TRG_COM_IRQHandler                  0x080001e3   Thumb Code     0  startup_stm32f103xb.o(.text)
    TIM1_UP_IRQHandler                       0x080001e3   Thumb Code     0  startup_stm32f103xb.o(.text)
    TIM2_IRQHandler                          0x080001e3   Thumb Code     0  startup_stm32f103xb.o(.text)
    TIM3_IRQHandler                          0x080001e3   Thumb Code     0  startup_stm32f103xb.o(.text)
    TIM4_IRQHandler                          0x080001e3   Thumb Code     0  startup_stm32f103xb.o(.text)
    USART1_IRQHandler                        0x080001e3   Thumb Code     0  startup_stm32f103xb.o(.text)
    USART2_IRQHandler                        0x080001e3   Thumb Code     0  startup_stm32f103xb.o(.text)
    USART3_IRQHandler                        0x080001e3   Thumb Code     0  startup_stm32f103xb.o(.text)
    USBWakeUp_IRQHandler                     0x080001e3   Thumb Code     0  startup_stm32f103xb.o(.text)
    USB_HP_CAN1_TX_IRQHandler                0x080001e3   Thumb Code     0  startup_stm32f103xb.o(.text)
    WWDG_IRQHandler                          0x080001e3   Thumb Code     0  startup_stm32f103xb.o(.text)
    __user_initial_stackheap                 0x080001e5   Thumb Code     0  startup_stm32f103xb.o(.text)
    __use_two_region_memory                  0x08000209   Thumb Code     2  heapauxi.o(.text)
    __rt_heap_escrow$2region                 0x0800020b   Thumb Code     2  heapauxi.o(.text)
    __rt_heap_expand$2region                 0x0800020d   Thumb Code     2  heapauxi.o(.text)
    __user_setup_stackheap                   0x0800020f   Thumb Code    74  sys_stackheap_outer.o(.text)
    exit                                     0x08000259   Thumb Code    18  exit.o(.text)
    __user_libspace                          0x0800026d   Thumb Code     8  libspace.o(.text)
    __user_perproc_libspace                  0x0800026d   Thumb Code     0  libspace.o(.text)
    __user_perthread_libspace                0x0800026d   Thumb Code     0  libspace.o(.text)
    _sys_exit                                0x08000275   Thumb Code     8  sys_exit.o(.text)
    __I$use$semihosting                      0x08000281   Thumb Code     0  use_no_semi.o(.text)
    __use_no_semihosting_swi                 0x08000281   Thumb Code     2  use_no_semi.o(.text)
    __semihosting_library_function           0x08000283   Thumb Code     0  indicate_semi.o(.text)
    BusFault_Handler                         0x08000285   Thumb Code     2  stm32f1xx_it.o(.text.BusFault_Handler)
    DebugMon_Handler                         0x08000439   Thumb Code     2  stm32f1xx_it.o(.text.DebugMon_Handler)
    Error_Handler                            0x0800043d   Thumb Code    10  main.o(.text.Error_Handler)
    HAL_Delay                                0x08000449   Thumb Code    40  stm32f1xx_hal.o(.text.HAL_Delay)
    HAL_GetTick                              0x08000471   Thumb Code    12  stm32f1xx_hal.o(.text.HAL_GetTick)
    HAL_IncTick                              0x0800047d   Thumb Code    26  stm32f1xx_hal.o(.text.HAL_IncTick)
    HAL_Init                                 0x08000499   Thumb Code    38  stm32f1xx_hal.o(.text.HAL_Init)
    HAL_InitTick                             0x080004c1   Thumb Code    72  stm32f1xx_hal.o(.text.HAL_InitTick)
    HAL_MspInit                              0x08000509   Thumb Code    50  stm32f1xx_hal_msp.o(.text.HAL_MspInit)
    HAL_NVIC_EnableIRQ                       0x0800053d   Thumb Code    38  stm32f1xx_hal_cortex.o(.text.HAL_NVIC_EnableIRQ)
    HAL_NVIC_SetPriority                     0x08000565   Thumb Code    86  stm32f1xx_hal_cortex.o(.text.HAL_NVIC_SetPriority)
    HAL_NVIC_SetPriorityGrouping             0x080005bd   Thumb Code    32  stm32f1xx_hal_cortex.o(.text.HAL_NVIC_SetPriorityGrouping)
    HAL_PCDEx_PMAConfig                      0x080005dd   Thumb Code    58  stm32f1xx_hal_pcd_ex.o(.text.HAL_PCDEx_PMAConfig)
    HAL_PCDEx_SetConnectionState             0x08000619   Thumb Code     2  usbd_conf.o(.text.HAL_PCDEx_SetConnectionState)
    HAL_PCD_DataInStageCallback              0x0800061d   Thumb Code    20  usbd_conf.o(.text.HAL_PCD_DataInStageCallback)
    HAL_PCD_DataOutStageCallback             0x08000631   Thumb Code    22  usbd_conf.o(.text.HAL_PCD_DataOutStageCallback)
    HAL_PCD_EP_Close                         0x08000649   Thumb Code    80  stm32f1xx_hal_pcd.o(.text.HAL_PCD_EP_Close)
    HAL_PCD_EP_ClrStall                      0x08000699   Thumb Code   100  stm32f1xx_hal_pcd.o(.text.HAL_PCD_EP_ClrStall)
    HAL_PCD_EP_Open                          0x080006fd   Thumb Code    96  stm32f1xx_hal_pcd.o(.text.HAL_PCD_EP_Open)
    HAL_PCD_EP_Receive                       0x0800075d   Thumb Code    50  stm32f1xx_hal_pcd.o(.text.HAL_PCD_EP_Receive)
    HAL_PCD_EP_SetStall                      0x08000791   Thumb Code   122  stm32f1xx_hal_pcd.o(.text.HAL_PCD_EP_SetStall)
    HAL_PCD_EP_Transmit                      0x0800080d   Thumb Code    54  stm32f1xx_hal_pcd.o(.text.HAL_PCD_EP_Transmit)
    HAL_PCD_IRQHandler                       0x08000845   Thumb Code  2454  stm32f1xx_hal_pcd.o(.text.HAL_PCD_IRQHandler)
    HAL_PCD_Init                             0x080011dd   Thumb Code   232  stm32f1xx_hal_pcd.o(.text.HAL_PCD_Init)
    HAL_PCD_MspInit                          0x080012c5   Thumb Code    70  usbd_conf.o(.text.HAL_PCD_MspInit)
    HAL_PCD_ResetCallback                    0x0800130d   Thumb Code    36  usbd_conf.o(.text.HAL_PCD_ResetCallback)
    HAL_PCD_ResumeCallback                   0x08001331   Thumb Code     8  usbd_conf.o(.text.HAL_PCD_ResumeCallback)
    HAL_PCD_SOFCallback                      0x08001339   Thumb Code     8  usbd_conf.o(.text.HAL_PCD_SOFCallback)
    HAL_PCD_SetAddress                       0x08001341   Thumb Code    40  stm32f1xx_hal_pcd.o(.text.HAL_PCD_SetAddress)
    HAL_PCD_SetupStageCallback               0x08001369   Thumb Code    14  usbd_conf.o(.text.HAL_PCD_SetupStageCallback)
    HAL_PCD_Start                            0x08001379   Thumb Code    50  stm32f1xx_hal_pcd.o(.text.HAL_PCD_Start)
    HAL_PCD_SuspendCallback                  0x080013ad   Thumb Code    38  usbd_conf.o(.text.HAL_PCD_SuspendCallback)
    HAL_RCCEx_PeriphCLKConfig                0x080013d5   Thumb Code   266  stm32f1xx_hal_rcc_ex.o(.text.HAL_RCCEx_PeriphCLKConfig)
    HAL_RCC_ClockConfig                      0x080014e1   Thumb Code   446  stm32f1xx_hal_rcc.o(.text.HAL_RCC_ClockConfig)
    HAL_RCC_OscConfig                        0x080016a1   Thumb Code   948  stm32f1xx_hal_rcc.o(.text.HAL_RCC_OscConfig)
    HAL_SYSTICK_Config                       0x08001a55   Thumb Code    44  stm32f1xx_hal_cortex.o(.text.HAL_SYSTICK_Config)
    HardFault_Handler                        0x08001a81   Thumb Code     2  stm32f1xx_it.o(.text.HardFault_Handler)
    MX_USB_DEVICE_Init                       0x08001a85   Thumb Code   114  usb_device.o(.text.MX_USB_DEVICE_Init)
    MemManage_Handler                        0x08001af9   Thumb Code     2  stm32f1xx_it.o(.text.MemManage_Handler)
    NMI_Handler                              0x08001afd   Thumb Code     2  stm32f1xx_it.o(.text.NMI_Handler)
    PendSV_Handler                           0x08001b01   Thumb Code     2  stm32f1xx_it.o(.text.PendSV_Handler)
    SVC_Handler                              0x08001b05   Thumb Code     2  stm32f1xx_it.o(.text.SVC_Handler)
    SysTick_Handler                          0x08001b09   Thumb Code     4  stm32f1xx_it.o(.text.SysTick_Handler)
    SystemInit                               0x08001b0d   Thumb Code     2  system_stm32f1xx.o(.text.SystemInit)
    USBD_CUSTOM_HID_RegisterInterface        0x08001c2d   Thumb Code    14  usbd_customhid.o(.text.USBD_CUSTOM_HID_RegisterInterface)
    USBD_CUSTOM_HID_SendReport               0x08001c3d   Thumb Code    58  usbd_customhid.o(.text.USBD_CUSTOM_HID_SendReport)
    USBD_ClrClassConfig                      0x08001d9d   Thumb Code    14  usbd_core.o(.text.USBD_ClrClassConfig)
    USBD_CtlContinueRx                       0x08001dad   Thumb Code    16  usbd_ioreq.o(.text.USBD_CtlContinueRx)
    USBD_CtlContinueSendData                 0x08001dbd   Thumb Code    16  usbd_ioreq.o(.text.USBD_CtlContinueSendData)
    USBD_CtlError                            0x08001dcd   Thumb Code    22  usbd_ctlreq.o(.text.USBD_CtlError)
    USBD_CtlPrepareRx                        0x08001de5   Thumb Code    26  usbd_ioreq.o(.text.USBD_CtlPrepareRx)
    USBD_CtlReceiveStatus                    0x08001e01   Thumb Code    22  usbd_ioreq.o(.text.USBD_CtlReceiveStatus)
    USBD_CtlSendData                         0x08001e19   Thumb Code    26  usbd_ioreq.o(.text.USBD_CtlSendData)
    USBD_CtlSendStatus                       0x08001e35   Thumb Code    22  usbd_ioreq.o(.text.USBD_CtlSendStatus)
    USBD_FS_ConfigStrDescriptor              0x08001e4d   Thumb Code    24  usbd_desc.o(.text.USBD_FS_ConfigStrDescriptor)
    USBD_FS_DeviceDescriptor                 0x08001e79   Thumb Code    14  usbd_desc.o(.text.USBD_FS_DeviceDescriptor)
    USBD_FS_InterfaceStrDescriptor           0x08001e89   Thumb Code    24  usbd_desc.o(.text.USBD_FS_InterfaceStrDescriptor)
    USBD_FS_LangIDStrDescriptor              0x08001eb9   Thumb Code    14  usbd_desc.o(.text.USBD_FS_LangIDStrDescriptor)
    USBD_FS_ManufacturerStrDescriptor        0x08001ec9   Thumb Code    24  usbd_desc.o(.text.USBD_FS_ManufacturerStrDescriptor)
    USBD_FS_ProductStrDescriptor             0x08001ee9   Thumb Code    24  usbd_desc.o(.text.USBD_FS_ProductStrDescriptor)
    USBD_FS_SerialStrDescriptor              0x08001f21   Thumb Code   364  usbd_desc.o(.text.USBD_FS_SerialStrDescriptor)
    USBD_GetString                           0x0800208d   Thumb Code   218  usbd_ctlreq.o(.text.USBD_GetString)
    USBD_Init                                0x08002169   Thumb Code    48  usbd_core.o(.text.USBD_Init)
    USBD_LL_ClearStallEP                     0x08002199   Thumb Code    34  usbd_conf.o(.text.USBD_LL_ClearStallEP)
    USBD_LL_CloseEP                          0x080021bd   Thumb Code    34  usbd_conf.o(.text.USBD_LL_CloseEP)
    USBD_LL_DataInStage                      0x080021e1   Thumb Code   202  usbd_core.o(.text.USBD_LL_DataInStage)
    USBD_LL_DataOutStage                     0x080022ad   Thumb Code   138  usbd_core.o(.text.USBD_LL_DataOutStage)
    USBD_LL_Init                             0x08002339   Thumb Code   116  usbd_conf.o(.text.USBD_LL_Init)
    USBD_LL_IsStallEP                        0x080023ad   Thumb Code    34  usbd_conf.o(.text.USBD_LL_IsStallEP)
    USBD_LL_OpenEP                           0x080023d1   Thumb Code    40  usbd_conf.o(.text.USBD_LL_OpenEP)
    USBD_LL_PrepareReceive                   0x080023f9   Thumb Code    34  usbd_conf.o(.text.USBD_LL_PrepareReceive)
    USBD_LL_Reset                            0x0800241d   Thumb Code    84  usbd_core.o(.text.USBD_LL_Reset)
    USBD_LL_Resume                           0x08002471   Thumb Code    20  usbd_core.o(.text.USBD_LL_Resume)
    USBD_LL_SOF                              0x08002485   Thumb Code    26  usbd_core.o(.text.USBD_LL_SOF)
    USBD_LL_SetSpeed                         0x080024a1   Thumb Code     8  usbd_core.o(.text.USBD_LL_SetSpeed)
    USBD_LL_SetUSBAddress                    0x080024a9   Thumb Code    34  usbd_conf.o(.text.USBD_LL_SetUSBAddress)
    USBD_LL_SetupStage                       0x080024cd   Thumb Code    98  usbd_core.o(.text.USBD_LL_SetupStage)
    USBD_LL_StallEP                          0x08002531   Thumb Code    34  usbd_conf.o(.text.USBD_LL_StallEP)
    USBD_LL_Start                            0x08002555   Thumb Code    34  usbd_conf.o(.text.USBD_LL_Start)
    USBD_LL_Suspend                          0x08002579   Thumb Code    20  usbd_core.o(.text.USBD_LL_Suspend)
    USBD_LL_Transmit                         0x0800258d   Thumb Code    34  usbd_conf.o(.text.USBD_LL_Transmit)
    USBD_ParseSetupRequest                   0x080025b1   Thumb Code    22  usbd_ctlreq.o(.text.USBD_ParseSetupRequest)
    USBD_RegisterClass                       0x080025c9   Thumb Code    14  usbd_core.o(.text.USBD_RegisterClass)
    USBD_SetClassConfig                      0x080025d9   Thumb Code    28  usbd_core.o(.text.USBD_SetClassConfig)
    USBD_Start                               0x080025f5   Thumb Code    10  usbd_core.o(.text.USBD_Start)
    USBD_StdDevReq                           0x08002601   Thumb Code   714  usbd_ctlreq.o(.text.USBD_StdDevReq)
    USBD_StdEPReq                            0x080028cd   Thumb Code   326  usbd_ctlreq.o(.text.USBD_StdEPReq)
    USBD_StdItfReq                           0x08002a15   Thumb Code   118  usbd_ctlreq.o(.text.USBD_StdItfReq)
    USBD_static_free                         0x08002a8d   Thumb Code     2  usbd_conf.o(.text.USBD_static_free)
    USBD_static_malloc                       0x08002a91   Thumb Code    10  usbd_conf.o(.text.USBD_static_malloc)
    USB_ActivateEndpoint                     0x08002a9d   Thumb Code   588  stm32f1xx_ll_usb.o(.text.USB_ActivateEndpoint)
    USB_CoreInit                             0x08002ce9   Thumb Code     4  stm32f1xx_ll_usb.o(.text.USB_CoreInit)
    USB_DeactivateEndpoint                   0x08002ced   Thumb Code   226  stm32f1xx_ll_usb.o(.text.USB_DeactivateEndpoint)
    USB_DevConnect                           0x08002dd1   Thumb Code     4  stm32f1xx_ll_usb.o(.text.USB_DevConnect)
    USB_DevDisconnect                        0x08002dd5   Thumb Code     4  stm32f1xx_ll_usb.o(.text.USB_DevDisconnect)
    USB_DevInit                              0x08002dd9   Thumb Code    26  stm32f1xx_ll_usb.o(.text.USB_DevInit)
    USB_DisableGlobalInt                     0x08002df5   Thumb Code    20  stm32f1xx_ll_usb.o(.text.USB_DisableGlobalInt)
    USB_EP0_OutStart                         0x08002e09   Thumb Code     4  stm32f1xx_ll_usb.o(.text.USB_EP0_OutStart)
    USB_EPClearStall                         0x08002e0d   Thumb Code   124  stm32f1xx_ll_usb.o(.text.USB_EPClearStall)
    USB_EPSetStall                           0x08002e89   Thumb Code    50  stm32f1xx_ll_usb.o(.text.USB_EPSetStall)
    USB_EPStartXfer                          0x08002ebd   Thumb Code  2110  stm32f1xx_ll_usb.o(.text.USB_EPStartXfer)
    USB_EnableGlobalInt                      0x080036fd   Thumb Code    20  stm32f1xx_ll_usb.o(.text.USB_EnableGlobalInt)
    USB_LP_CAN1_RX0_IRQHandler               0x08003711   Thumb Code    12  stm32f1xx_it.o(.text.USB_LP_CAN1_RX0_IRQHandler)
    USB_ReadInterrupts                       0x0800371d   Thumb Code     6  stm32f1xx_ll_usb.o(.text.USB_ReadInterrupts)
    USB_ReadPMA                              0x08003725   Thumb Code   160  stm32f1xx_ll_usb.o(.text.USB_ReadPMA)
    USB_SetCurrentMode                       0x080037c5   Thumb Code     4  stm32f1xx_ll_usb.o(.text.USB_SetCurrentMode)
    USB_SetDevAddress                        0x080037c9   Thumb Code    14  stm32f1xx_ll_usb.o(.text.USB_SetDevAddress)
    USB_WritePMA                             0x080037d9   Thumb Code   134  stm32f1xx_ll_usb.o(.text.USB_WritePMA)
    UsageFault_Handler                       0x08003861   Thumb Code     2  stm32f1xx_it.o(.text.UsageFault_Handler)
    main                                     0x08003865   Thumb Code   186  main.o(.text.main)
    AHBPrescTable                            0x0800391e   Data          16  system_stm32f1xx.o(.rodata.AHBPrescTable)
    Region$$Table$$Base                      0x08003940   Number         0  anon$$obj.o(Region$$Table)
    Region$$Table$$Limit                     0x08003960   Number         0  anon$$obj.o(Region$$Table)
    uwTickFreq                               0x20000000   Data           1  stm32f1xx_hal.o(.data..L_MergedGlobals)
    uwTickPrio                               0x20000004   Data           4  stm32f1xx_hal.o(.data..L_MergedGlobals)
    FS_Desc                                  0x2000002c   Data          28  usbd_desc.o(.data.FS_Desc)
    SystemCoreClock                          0x20000048   Data           4  system_stm32f1xx.o(.data.SystemCoreClock)
    USBD_CUSTOM_HID                          0x2000004c   Data          56  usbd_customhid.o(.data.USBD_CUSTOM_HID)
    USBD_CustomHID_fops_FS                   0x20000120   Data          16  usbd_custom_hid_if.o(.data.USBD_CustomHID_fops_FS)
    USBD_FS_DeviceDesc                       0x20000130   Data          18  usbd_desc.o(.data.USBD_FS_DeviceDesc)
    USBD_LangIDDesc                          0x20000144   Data           4  usbd_desc.o(.data.USBD_LangIDDesc)
    USBD_StringSerial                        0x20000148   Data          26  usbd_desc.o(.data.USBD_StringSerial)
    __libspace_start                         0x20000168   Data          96  libspace.o(.bss)
    __temporary_stack_top$libspace           0x200001c8   Data           0  libspace.o(.bss)
    USBD_StrDesc                             0x200001cc   Data         512  usbd_desc.o(.bss.USBD_StrDesc)
    USB_Recive_Buffer                        0x20000424   Data          64  main.o(.bss.USB_Recive_Buffer)
    hUsbDeviceFS                             0x20000464   Data         708  usb_device.o(.bss.hUsbDeviceFS)
    hpcd_USB_FS                              0x20000728   Data         752  usbd_conf.o(.bss.hpcd_USB_FS)
    uwTick                                   0x20000a18   Data           4  stm32f1xx_hal.o(.bss.uwTick)



==============================================================================

Memory Map of the image

  Image Entry point : 0x080000ed

  Load Region LR_IROM1 (Base: 0x08000000, Size: 0x00003ac8, Max: 0x00010000, ABSOLUTE, COMPRESSED[0x00003a18])

    Execution Region ER_IROM1 (Exec base: 0x08000000, Load base: 0x08000000, Size: 0x00003960, Max: 0x00010000, ABSOLUTE)

    Exec Addr    Load Addr    Size         Type   Attr      Idx    E Section Name        Object

    0x08000000   0x08000000   0x000000ec   Data   RO            3    RESET               startup_stm32f103xb.o
    0x080000ec   0x080000ec   0x00000008   Code   RO          838  * !!!main             c_w.l(__main.o)
    0x080000f4   0x080000f4   0x00000034   Code   RO         1005    !!!scatter          c_w.l(__scatter.o)
    0x08000128   0x08000128   0x0000005a   Code   RO         1003    !!dczerorl2         c_w.l(__dczerorl2.o)
    0x08000182   0x08000182   0x00000002   PAD
    0x08000184   0x08000184   0x0000001c   Code   RO         1007    !!handler_zi        c_w.l(__scatter_zi.o)
    0x080001a0   0x080001a0   0x00000002   Code   RO          865    .ARM.Collect$$libinit$$00000000  c_w.l(libinit.o)
    0x080001a2   0x080001a2   0x00000000   Code   RO          872    .ARM.Collect$$libinit$$00000002  c_w.l(libinit2.o)
    0x080001a2   0x080001a2   0x00000000   Code   RO          874    .ARM.Collect$$libinit$$00000004  c_w.l(libinit2.o)
    0x080001a2   0x080001a2   0x00000000   Code   RO          876    .ARM.Collect$$libinit$$00000006  c_w.l(libinit2.o)
    0x080001a2   0x080001a2   0x00000000   Code   RO          879    .ARM.Collect$$libinit$$0000000C  c_w.l(libinit2.o)
    0x080001a2   0x080001a2   0x00000000   Code   RO          881    .ARM.Collect$$libinit$$0000000E  c_w.l(libinit2.o)
    0x080001a2   0x080001a2   0x00000000   Code   RO          883    .ARM.Collect$$libinit$$00000010  c_w.l(libinit2.o)
    0x080001a2   0x080001a2   0x00000000   Code   RO          886    .ARM.Collect$$libinit$$00000013  c_w.l(libinit2.o)
    0x080001a2   0x080001a2   0x00000000   Code   RO          888    .ARM.Collect$$libinit$$00000015  c_w.l(libinit2.o)
    0x080001a2   0x080001a2   0x00000000   Code   RO          890    .ARM.Collect$$libinit$$00000017  c_w.l(libinit2.o)
    0x080001a2   0x080001a2   0x00000000   Code   RO          892    .ARM.Collect$$libinit$$00000019  c_w.l(libinit2.o)
    0x080001a2   0x080001a2   0x00000000   Code   RO          894    .ARM.Collect$$libinit$$0000001B  c_w.l(libinit2.o)
    0x080001a2   0x080001a2   0x00000000   Code   RO          896    .ARM.Collect$$libinit$$0000001D  c_w.l(libinit2.o)
    0x080001a2   0x080001a2   0x00000000   Code   RO          898    .ARM.Collect$$libinit$$0000001F  c_w.l(libinit2.o)
    0x080001a2   0x080001a2   0x00000000   Code   RO          900    .ARM.Collect$$libinit$$00000021  c_w.l(libinit2.o)
    0x080001a2   0x080001a2   0x00000000   Code   RO          902    .ARM.Collect$$libinit$$00000023  c_w.l(libinit2.o)
    0x080001a2   0x080001a2   0x00000000   Code   RO          904    .ARM.Collect$$libinit$$00000025  c_w.l(libinit2.o)
    0x080001a2   0x080001a2   0x00000000   Code   RO          906    .ARM.Collect$$libinit$$00000027  c_w.l(libinit2.o)
    0x080001a2   0x080001a2   0x00000000   Code   RO          910    .ARM.Collect$$libinit$$0000002E  c_w.l(libinit2.o)
    0x080001a2   0x080001a2   0x00000000   Code   RO          912    .ARM.Collect$$libinit$$00000030  c_w.l(libinit2.o)
    0x080001a2   0x080001a2   0x00000000   Code   RO          914    .ARM.Collect$$libinit$$00000032  c_w.l(libinit2.o)
    0x080001a2   0x080001a2   0x00000000   Code   RO          916    .ARM.Collect$$libinit$$00000034  c_w.l(libinit2.o)
    0x080001a2   0x080001a2   0x00000002   Code   RO          917    .ARM.Collect$$libinit$$00000035  c_w.l(libinit2.o)
    0x080001a4   0x080001a4   0x00000002   Code   RO          939    .ARM.Collect$$libshutdown$$00000000  c_w.l(libshutdown.o)
    0x080001a6   0x080001a6   0x00000000   Code   RO          954    .ARM.Collect$$libshutdown$$00000002  c_w.l(libshutdown2.o)
    0x080001a6   0x080001a6   0x00000000   Code   RO          956    .ARM.Collect$$libshutdown$$00000004  c_w.l(libshutdown2.o)
    0x080001a6   0x080001a6   0x00000000   Code   RO          959    .ARM.Collect$$libshutdown$$00000007  c_w.l(libshutdown2.o)
    0x080001a6   0x080001a6   0x00000000   Code   RO          962    .ARM.Collect$$libshutdown$$0000000A  c_w.l(libshutdown2.o)
    0x080001a6   0x080001a6   0x00000000   Code   RO          964    .ARM.Collect$$libshutdown$$0000000C  c_w.l(libshutdown2.o)
    0x080001a6   0x080001a6   0x00000000   Code   RO          967    .ARM.Collect$$libshutdown$$0000000F  c_w.l(libshutdown2.o)
    0x080001a6   0x080001a6   0x00000002   Code   RO          968    .ARM.Collect$$libshutdown$$00000010  c_w.l(libshutdown2.o)
    0x080001a8   0x080001a8   0x00000000   Code   RO          840    .ARM.Collect$$rtentry$$00000000  c_w.l(__rtentry.o)
    0x080001a8   0x080001a8   0x00000000   Code   RO          842    .ARM.Collect$$rtentry$$00000002  c_w.l(__rtentry2.o)
    0x080001a8   0x080001a8   0x00000006   Code   RO          854    .ARM.Collect$$rtentry$$00000004  c_w.l(__rtentry4.o)
    0x080001ae   0x080001ae   0x00000000   Code   RO          844    .ARM.Collect$$rtentry$$00000009  c_w.l(__rtentry2.o)
    0x080001ae   0x080001ae   0x00000004   Code   RO          845    .ARM.Collect$$rtentry$$0000000A  c_w.l(__rtentry2.o)
    0x080001b2   0x080001b2   0x00000000   Code   RO          847    .ARM.Collect$$rtentry$$0000000C  c_w.l(__rtentry2.o)
    0x080001b2   0x080001b2   0x00000008   Code   RO          848    .ARM.Collect$$rtentry$$0000000D  c_w.l(__rtentry2.o)
    0x080001ba   0x080001ba   0x00000002   Code   RO          869    .ARM.Collect$$rtexit$$00000000  c_w.l(rtexit.o)
    0x080001bc   0x080001bc   0x00000000   Code   RO          919    .ARM.Collect$$rtexit$$00000002  c_w.l(rtexit2.o)
    0x080001bc   0x080001bc   0x00000004   Code   RO          920    .ARM.Collect$$rtexit$$00000003  c_w.l(rtexit2.o)
    0x080001c0   0x080001c0   0x00000006   Code   RO          921    .ARM.Collect$$rtexit$$00000004  c_w.l(rtexit2.o)
    0x080001c6   0x080001c6   0x00000002   PAD
    0x080001c8   0x080001c8   0x00000040   Code   RO            4    .text               startup_stm32f103xb.o
    0x08000208   0x08000208   0x00000006   Code   RO          836    .text               c_w.l(heapauxi.o)
    0x0800020e   0x0800020e   0x0000004a   Code   RO          856    .text               c_w.l(sys_stackheap_outer.o)
    0x08000258   0x08000258   0x00000012   Code   RO          858    .text               c_w.l(exit.o)
    0x0800026a   0x0800026a   0x00000002   PAD
    0x0800026c   0x0800026c   0x00000008   Code   RO          866    .text               c_w.l(libspace.o)
    0x08000274   0x08000274   0x0000000c   Code   RO          929    .text               c_w.l(sys_exit.o)
    0x08000280   0x08000280   0x00000002   Code   RO          944    .text               c_w.l(use_no_semi.o)
    0x08000282   0x08000282   0x00000000   Code   RO          946    .text               c_w.l(indicate_semi.o)
    0x08000282   0x08000282   0x00000002   PAD
    0x08000284   0x08000284   0x00000002   Code   RO           33    .text.BusFault_Handler  stm32f1xx_it.o
    0x08000286   0x08000286   0x00000002   PAD
    0x08000288   0x08000288   0x00000004   Code   RO          100    .text.CUSTOM_HID_DeInit_FS  usbd_custom_hid_if.o
    0x0800028c   0x0800028c   0x00000004   Code   RO           98    .text.CUSTOM_HID_Init_FS  usbd_custom_hid_if.o
    0x08000290   0x08000290   0x000001a8   Code   RO          102    .text.CUSTOM_HID_OutEvent_FS  usbd_custom_hid_if.o
    0x08000438   0x08000438   0x00000002   Code   RO           39    .text.DebugMon_Handler  stm32f1xx_it.o
    0x0800043a   0x0800043a   0x00000002   PAD
    0x0800043c   0x0800043c   0x0000000a   Code   RO           15    .text.Error_Handler  main.o
    0x08000446   0x08000446   0x00000002   PAD
    0x08000448   0x08000448   0x00000028   Code   RO          376    .text.HAL_Delay     stm32f1xx_hal.o
    0x08000470   0x08000470   0x0000000c   Code   RO          368    .text.HAL_GetTick   stm32f1xx_hal.o
    0x0800047c   0x0800047c   0x0000001a   Code   RO          366    .text.HAL_IncTick   stm32f1xx_hal.o
    0x08000496   0x08000496   0x00000002   PAD
    0x08000498   0x08000498   0x00000026   Code   RO          356    .text.HAL_Init      stm32f1xx_hal.o
    0x080004be   0x080004be   0x00000002   PAD
    0x080004c0   0x080004c0   0x00000048   Code   RO          358    .text.HAL_InitTick  stm32f1xx_hal.o
    0x08000508   0x08000508   0x00000032   Code   RO           54    .text.HAL_MspInit   stm32f1xx_hal_msp.o
    0x0800053a   0x0800053a   0x00000002   PAD
    0x0800053c   0x0800053c   0x00000026   Code   RO          528    .text.HAL_NVIC_EnableIRQ  stm32f1xx_hal_cortex.o
    0x08000562   0x08000562   0x00000002   PAD
    0x08000564   0x08000564   0x00000056   Code   RO          526    .text.HAL_NVIC_SetPriority  stm32f1xx_hal_cortex.o
    0x080005ba   0x080005ba   0x00000002   PAD
    0x080005bc   0x080005bc   0x00000020   Code   RO          524    .text.HAL_NVIC_SetPriorityGrouping  stm32f1xx_hal_cortex.o
    0x080005dc   0x080005dc   0x0000003a   Code   RO          276    .text.HAL_PCDEx_PMAConfig  stm32f1xx_hal_pcd_ex.o
    0x08000616   0x08000616   0x00000002   PAD
    0x08000618   0x08000618   0x00000002   Code   RO          174    .text.HAL_PCDEx_SetConnectionState  usbd_conf.o
    0x0800061a   0x0800061a   0x00000002   PAD
    0x0800061c   0x0800061c   0x00000014   Code   RO          122    .text.HAL_PCD_DataInStageCallback  usbd_conf.o
    0x08000630   0x08000630   0x00000016   Code   RO          120    .text.HAL_PCD_DataOutStageCallback  usbd_conf.o
    0x08000646   0x08000646   0x00000002   PAD
    0x08000648   0x08000648   0x00000050   Code   RO          246    .text.HAL_PCD_EP_Close  stm32f1xx_hal_pcd.o
    0x08000698   0x08000698   0x00000064   Code   RO          256    .text.HAL_PCD_EP_ClrStall  stm32f1xx_hal_pcd.o
    0x080006fc   0x080006fc   0x00000060   Code   RO          244    .text.HAL_PCD_EP_Open  stm32f1xx_hal_pcd.o
    0x0800075c   0x0800075c   0x00000032   Code   RO          248    .text.HAL_PCD_EP_Receive  stm32f1xx_hal_pcd.o
    0x0800078e   0x0800078e   0x00000002   PAD
    0x08000790   0x08000790   0x0000007a   Code   RO          254    .text.HAL_PCD_EP_SetStall  stm32f1xx_hal_pcd.o
    0x0800080a   0x0800080a   0x00000002   PAD
    0x0800080c   0x0800080c   0x00000036   Code   RO          252    .text.HAL_PCD_EP_Transmit  stm32f1xx_hal_pcd.o
    0x08000842   0x08000842   0x00000002   PAD
    0x08000844   0x08000844   0x00000996   Code   RO          212    .text.HAL_PCD_IRQHandler  stm32f1xx_hal_pcd.o
    0x080011da   0x080011da   0x00000002   PAD
    0x080011dc   0x080011dc   0x000000e8   Code   RO          200    .text.HAL_PCD_Init  stm32f1xx_hal_pcd.o
    0x080012c4   0x080012c4   0x00000046   Code   RO          114    .text.HAL_PCD_MspInit  usbd_conf.o
    0x0800130a   0x0800130a   0x00000002   PAD
    0x0800130c   0x0800130c   0x00000024   Code   RO          126    .text.HAL_PCD_ResetCallback  usbd_conf.o
    0x08001330   0x08001330   0x00000008   Code   RO          130    .text.HAL_PCD_ResumeCallback  usbd_conf.o
    0x08001338   0x08001338   0x00000008   Code   RO          124    .text.HAL_PCD_SOFCallback  usbd_conf.o
    0x08001340   0x08001340   0x00000028   Code   RO          216    .text.HAL_PCD_SetAddress  stm32f1xx_hal_pcd.o
    0x08001368   0x08001368   0x0000000e   Code   RO          118    .text.HAL_PCD_SetupStageCallback  usbd_conf.o
    0x08001376   0x08001376   0x00000002   PAD
    0x08001378   0x08001378   0x00000032   Code   RO          208    .text.HAL_PCD_Start  stm32f1xx_hal_pcd.o
    0x080013aa   0x080013aa   0x00000002   PAD
    0x080013ac   0x080013ac   0x00000026   Code   RO          128    .text.HAL_PCD_SuspendCallback  usbd_conf.o
    0x080013d2   0x080013d2   0x00000002   PAD
    0x080013d4   0x080013d4   0x0000010a   Code   RO          454    .text.HAL_RCCEx_PeriphCLKConfig  stm32f1xx_hal_rcc_ex.o
    0x080014de   0x080014de   0x00000002   PAD
    0x080014e0   0x080014e0   0x000001be   Code   RO          420    .text.HAL_RCC_ClockConfig  stm32f1xx_hal_rcc.o
    0x0800169e   0x0800169e   0x00000002   PAD
    0x080016a0   0x080016a0   0x000003b4   Code   RO          418    .text.HAL_RCC_OscConfig  stm32f1xx_hal_rcc.o
    0x08001a54   0x08001a54   0x0000002c   Code   RO          536    .text.HAL_SYSTICK_Config  stm32f1xx_hal_cortex.o
    0x08001a80   0x08001a80   0x00000002   Code   RO           29    .text.HardFault_Handler  stm32f1xx_it.o
    0x08001a82   0x08001a82   0x00000002   PAD
    0x08001a84   0x08001a84   0x00000072   Code   RO           62    .text.MX_USB_DEVICE_Init  usb_device.o
    0x08001af6   0x08001af6   0x00000002   PAD
    0x08001af8   0x08001af8   0x00000002   Code   RO           31    .text.MemManage_Handler  stm32f1xx_it.o
    0x08001afa   0x08001afa   0x00000002   PAD
    0x08001afc   0x08001afc   0x00000002   Code   RO           27    .text.NMI_Handler   stm32f1xx_it.o
    0x08001afe   0x08001afe   0x00000002   PAD
    0x08001b00   0x08001b00   0x00000002   Code   RO           41    .text.PendSV_Handler  stm32f1xx_it.o
    0x08001b02   0x08001b02   0x00000002   PAD
    0x08001b04   0x08001b04   0x00000002   Code   RO           37    .text.SVC_Handler   stm32f1xx_it.o
    0x08001b06   0x08001b06   0x00000002   PAD
    0x08001b08   0x08001b08   0x00000004   Code   RO           43    .text.SysTick_Handler  stm32f1xx_it.o
    0x08001b0c   0x08001b0c   0x00000002   Code   RO          691    .text.SystemInit    system_stm32f1xx.o
    0x08001b0e   0x08001b0e   0x00000002   PAD
    0x08001b10   0x08001b10   0x0000000e   Code   RO          805    .text.USBD_CUSTOM_HID_DataIn  usbd_customhid.o
    0x08001b1e   0x08001b1e   0x00000002   PAD
    0x08001b20   0x08001b20   0x00000024   Code   RO          807    .text.USBD_CUSTOM_HID_DataOut  usbd_customhid.o
    0x08001b44   0x08001b44   0x00000038   Code   RO          799    .text.USBD_CUSTOM_HID_DeInit  usbd_customhid.o
    0x08001b7c   0x08001b7c   0x00000020   Code   RO          803    .text.USBD_CUSTOM_HID_EP0_RxReady  usbd_customhid.o
    0x08001b9c   0x08001b9c   0x00000010   Code   RO          815    .text.USBD_CUSTOM_HID_GetDeviceQualifierDesc  usbd_customhid.o
    0x08001bac   0x08001bac   0x00000010   Code   RO          811    .text.USBD_CUSTOM_HID_GetFSCfgDesc  usbd_customhid.o
    0x08001bbc   0x08001bbc   0x00000010   Code   RO          809    .text.USBD_CUSTOM_HID_GetHSCfgDesc  usbd_customhid.o
    0x08001bcc   0x08001bcc   0x00000010   Code   RO          813    .text.USBD_CUSTOM_HID_GetOtherSpeedCfgDesc  usbd_customhid.o
    0x08001bdc   0x08001bdc   0x0000004e   Code   RO          797    .text.USBD_CUSTOM_HID_Init  usbd_customhid.o
    0x08001c2a   0x08001c2a   0x00000002   PAD
    0x08001c2c   0x08001c2c   0x0000000e   Code   RO          819    .text.USBD_CUSTOM_HID_RegisterInterface  usbd_customhid.o
    0x08001c3a   0x08001c3a   0x00000002   PAD
    0x08001c3c   0x08001c3c   0x0000003a   Code   RO          817    .text.USBD_CUSTOM_HID_SendReport  usbd_customhid.o
    0x08001c76   0x08001c76   0x00000002   PAD
    0x08001c78   0x08001c78   0x00000122   Code   RO          801    .text.USBD_CUSTOM_HID_Setup  usbd_customhid.o
    0x08001d9a   0x08001d9a   0x00000002   PAD
    0x08001d9c   0x08001d9c   0x0000000e   Code   RO          720    .text.USBD_ClrClassConfig  usbd_core.o
    0x08001daa   0x08001daa   0x00000002   PAD
    0x08001dac   0x08001dac   0x00000010   Code   RO          781    .text.USBD_CtlContinueRx  usbd_ioreq.o
    0x08001dbc   0x08001dbc   0x00000010   Code   RO          777    .text.USBD_CtlContinueSendData  usbd_ioreq.o
    0x08001dcc   0x08001dcc   0x00000016   Code   RO          756    .text.USBD_CtlError  usbd_ctlreq.o
    0x08001de2   0x08001de2   0x00000002   PAD
    0x08001de4   0x08001de4   0x0000001a   Code   RO          779    .text.USBD_CtlPrepareRx  usbd_ioreq.o
    0x08001dfe   0x08001dfe   0x00000002   PAD
    0x08001e00   0x08001e00   0x00000016   Code   RO          785    .text.USBD_CtlReceiveStatus  usbd_ioreq.o
    0x08001e16   0x08001e16   0x00000002   PAD
    0x08001e18   0x08001e18   0x0000001a   Code   RO          775    .text.USBD_CtlSendData  usbd_ioreq.o
    0x08001e32   0x08001e32   0x00000002   PAD
    0x08001e34   0x08001e34   0x00000016   Code   RO          783    .text.USBD_CtlSendStatus  usbd_ioreq.o
    0x08001e4a   0x08001e4a   0x00000002   PAD
    0x08001e4c   0x08001e4c   0x0000002c   Code   RO           81    .text.USBD_FS_ConfigStrDescriptor  usbd_desc.o
    0x08001e78   0x08001e78   0x0000000e   Code   RO           71    .text.USBD_FS_DeviceDescriptor  usbd_desc.o
    0x08001e86   0x08001e86   0x00000002   PAD
    0x08001e88   0x08001e88   0x00000030   Code   RO           83    .text.USBD_FS_InterfaceStrDescriptor  usbd_desc.o
    0x08001eb8   0x08001eb8   0x0000000e   Code   RO           73    .text.USBD_FS_LangIDStrDescriptor  usbd_desc.o
    0x08001ec6   0x08001ec6   0x00000002   PAD
    0x08001ec8   0x08001ec8   0x00000020   Code   RO           75    .text.USBD_FS_ManufacturerStrDescriptor  usbd_desc.o
    0x08001ee8   0x08001ee8   0x00000038   Code   RO           77    .text.USBD_FS_ProductStrDescriptor  usbd_desc.o
    0x08001f20   0x08001f20   0x0000016c   Code   RO           79    .text.USBD_FS_SerialStrDescriptor  usbd_desc.o
    0x0800208c   0x0800208c   0x000000da   Code   RO          764    .text.USBD_GetString  usbd_ctlreq.o
    0x08002166   0x08002166   0x00000002   PAD
    0x08002168   0x08002168   0x00000030   Code   RO          706    .text.USBD_Init     usbd_core.o
    0x08002198   0x08002198   0x00000022   Code   RO          156    .text.USBD_LL_ClearStallEP  usbd_conf.o
    0x080021ba   0x080021ba   0x00000002   PAD
    0x080021bc   0x080021bc   0x00000022   Code   RO          150    .text.USBD_LL_CloseEP  usbd_conf.o
    0x080021de   0x080021de   0x00000002   PAD
    0x080021e0   0x080021e0   0x000000ca   Code   RO          726    .text.USBD_LL_DataInStage  usbd_core.o
    0x080022aa   0x080022aa   0x00000002   PAD
    0x080022ac   0x080022ac   0x0000008a   Code   RO          724    .text.USBD_LL_DataOutStage  usbd_core.o
    0x08002336   0x08002336   0x00000002   PAD
    0x08002338   0x08002338   0x00000074   Code   RO          140    .text.USBD_LL_Init  usbd_conf.o
    0x080023ac   0x080023ac   0x00000022   Code   RO          158    .text.USBD_LL_IsStallEP  usbd_conf.o
    0x080023ce   0x080023ce   0x00000002   PAD
    0x080023d0   0x080023d0   0x00000028   Code   RO          148    .text.USBD_LL_OpenEP  usbd_conf.o
    0x080023f8   0x080023f8   0x00000022   Code   RO          164    .text.USBD_LL_PrepareReceive  usbd_conf.o
    0x0800241a   0x0800241a   0x00000002   PAD
    0x0800241c   0x0800241c   0x00000054   Code   RO          728    .text.USBD_LL_Reset  usbd_core.o
    0x08002470   0x08002470   0x00000014   Code   RO          734    .text.USBD_LL_Resume  usbd_core.o
    0x08002484   0x08002484   0x0000001a   Code   RO          736    .text.USBD_LL_SOF   usbd_core.o
    0x0800249e   0x0800249e   0x00000002   PAD
    0x080024a0   0x080024a0   0x00000008   Code   RO          730    .text.USBD_LL_SetSpeed  usbd_core.o
    0x080024a8   0x080024a8   0x00000022   Code   RO          160    .text.USBD_LL_SetUSBAddress  usbd_conf.o
    0x080024ca   0x080024ca   0x00000002   PAD
    0x080024cc   0x080024cc   0x00000062   Code   RO          722    .text.USBD_LL_SetupStage  usbd_core.o
    0x0800252e   0x0800252e   0x00000002   PAD
    0x08002530   0x08002530   0x00000022   Code   RO          154    .text.USBD_LL_StallEP  usbd_conf.o
    0x08002552   0x08002552   0x00000002   PAD
    0x08002554   0x08002554   0x00000022   Code   RO          144    .text.USBD_LL_Start  usbd_conf.o
    0x08002576   0x08002576   0x00000002   PAD
    0x08002578   0x08002578   0x00000014   Code   RO          732    .text.USBD_LL_Suspend  usbd_core.o
    0x0800258c   0x0800258c   0x00000022   Code   RO          162    .text.USBD_LL_Transmit  usbd_conf.o
    0x080025ae   0x080025ae   0x00000002   PAD
    0x080025b0   0x080025b0   0x00000016   Code   RO          762    .text.USBD_ParseSetupRequest  usbd_ctlreq.o
    0x080025c6   0x080025c6   0x00000002   PAD
    0x080025c8   0x080025c8   0x0000000e   Code   RO          710    .text.USBD_RegisterClass  usbd_core.o
    0x080025d6   0x080025d6   0x00000002   PAD
    0x080025d8   0x080025d8   0x0000001c   Code   RO          718    .text.USBD_SetClassConfig  usbd_core.o
    0x080025f4   0x080025f4   0x0000000a   Code   RO          712    .text.USBD_Start    usbd_core.o
    0x080025fe   0x080025fe   0x00000002   PAD
    0x08002600   0x08002600   0x000002ca   Code   RO          754    .text.USBD_StdDevReq  usbd_ctlreq.o
    0x080028ca   0x080028ca   0x00000002   PAD
    0x080028cc   0x080028cc   0x00000146   Code   RO          760    .text.USBD_StdEPReq  usbd_ctlreq.o
    0x08002a12   0x08002a12   0x00000002   PAD
    0x08002a14   0x08002a14   0x00000076   Code   RO          758    .text.USBD_StdItfReq  usbd_ctlreq.o
    0x08002a8a   0x08002a8a   0x00000002   PAD
    0x08002a8c   0x08002a8c   0x00000002   Code   RO          172    .text.USBD_static_free  usbd_conf.o
    0x08002a8e   0x08002a8e   0x00000002   PAD
    0x08002a90   0x08002a90   0x0000000a   Code   RO          170    .text.USBD_static_malloc  usbd_conf.o
    0x08002a9a   0x08002a9a   0x00000002   PAD
    0x08002a9c   0x08002a9c   0x0000024c   Code   RO          306    .text.USB_ActivateEndpoint  stm32f1xx_ll_usb.o
    0x08002ce8   0x08002ce8   0x00000004   Code   RO          292    .text.USB_CoreInit  stm32f1xx_ll_usb.o
    0x08002cec   0x08002cec   0x000000e2   Code   RO          308    .text.USB_DeactivateEndpoint  stm32f1xx_ll_usb.o
    0x08002dce   0x08002dce   0x00000002   PAD
    0x08002dd0   0x08002dd0   0x00000004   Code   RO          324    .text.USB_DevConnect  stm32f1xx_ll_usb.o
    0x08002dd4   0x08002dd4   0x00000004   Code   RO          326    .text.USB_DevDisconnect  stm32f1xx_ll_usb.o
    0x08002dd8   0x08002dd8   0x0000001a   Code   RO          300    .text.USB_DevInit   stm32f1xx_ll_usb.o
    0x08002df2   0x08002df2   0x00000002   PAD
    0x08002df4   0x08002df4   0x00000014   Code   RO          296    .text.USB_DisableGlobalInt  stm32f1xx_ll_usb.o
    0x08002e08   0x08002e08   0x00000004   Code   RO          340    .text.USB_EP0_OutStart  stm32f1xx_ll_usb.o
    0x08002e0c   0x08002e0c   0x0000007c   Code   RO          316    .text.USB_EPClearStall  stm32f1xx_ll_usb.o
    0x08002e88   0x08002e88   0x00000032   Code   RO          314    .text.USB_EPSetStall  stm32f1xx_ll_usb.o
    0x08002eba   0x08002eba   0x00000002   PAD
    0x08002ebc   0x08002ebc   0x0000083e   Code   RO          310    .text.USB_EPStartXfer  stm32f1xx_ll_usb.o
    0x080036fa   0x080036fa   0x00000002   PAD
    0x080036fc   0x080036fc   0x00000014   Code   RO          294    .text.USB_EnableGlobalInt  stm32f1xx_ll_usb.o
    0x08003710   0x08003710   0x0000000c   Code   RO           45    .text.USB_LP_CAN1_RX0_IRQHandler  stm32f1xx_it.o
    0x0800371c   0x0800371c   0x00000006   Code   RO          328    .text.USB_ReadInterrupts  stm32f1xx_ll_usb.o
    0x08003722   0x08003722   0x00000002   PAD
    0x08003724   0x08003724   0x000000a0   Code   RO          346    .text.USB_ReadPMA   stm32f1xx_ll_usb.o
    0x080037c4   0x080037c4   0x00000004   Code   RO          298    .text.USB_SetCurrentMode  stm32f1xx_ll_usb.o
    0x080037c8   0x080037c8   0x0000000e   Code   RO          322    .text.USB_SetDevAddress  stm32f1xx_ll_usb.o
    0x080037d6   0x080037d6   0x00000002   PAD
    0x080037d8   0x080037d8   0x00000086   Code   RO          312    .text.USB_WritePMA  stm32f1xx_ll_usb.o
    0x0800385e   0x0800385e   0x00000002   PAD
    0x08003860   0x08003860   0x00000002   Code   RO           35    .text.UsageFault_Handler  stm32f1xx_it.o
    0x08003862   0x08003862   0x00000002   PAD
    0x08003864   0x08003864   0x000000ba   Code   RO           11    .text.main          main.o
    0x0800391e   0x0800391e   0x00000010   Data   RO          696    .rodata.AHBPrescTable  system_stm32f1xx.o
    0x0800392e   0x0800392e   0x00000002   Data   RO          445    .rodata.HAL_RCC_GetSysClockFreq.aPredivFactorTable  stm32f1xx_hal_rcc.o
    0x08003930   0x08003930   0x00000010   Data   RO          444    .rodata.cst16       stm32f1xx_hal_rcc.o
    0x08003940   0x08003940   0x00000020   Data   RO         1002    Region$$Table       anon$$obj.o


    Execution Region RW_IRAM1 (Exec base: 0x20000000, Load base: 0x08003960, Size: 0x00001020, Max: 0x00005000, ABSOLUTE, COMPRESSED[0x000000b8])

    Exec Addr    Load Addr    Size         Type   Attr      Idx    E Section Name        Object

    0x20000000   COMPRESSED   0x00000008   Data   RW          407    .data..L_MergedGlobals  stm32f1xx_hal.o
    0x20000008   COMPRESSED   0x00000022   Data   RW          104    .data.CUSTOM_HID_ReportDesc_FS  usbd_custom_hid_if.o
    0x2000002a   COMPRESSED   0x00000002   PAD
    0x2000002c   COMPRESSED   0x0000001c   Data   RW           85    .data.FS_Desc       usbd_desc.o
    0x20000048   COMPRESSED   0x00000004   Data   RW          695    .data.SystemCoreClock  system_stm32f1xx.o
    0x2000004c   COMPRESSED   0x00000038   Data   RW          821    .data.USBD_CUSTOM_HID  usbd_customhid.o
    0x20000084   COMPRESSED   0x00000029   Data   RW          823    .data.USBD_CUSTOM_HID_CfgFSDesc  usbd_customhid.o
    0x200000ad   COMPRESSED   0x00000003   PAD
    0x200000b0   COMPRESSED   0x00000029   Data   RW          824    .data.USBD_CUSTOM_HID_CfgHSDesc  usbd_customhid.o
    0x200000d9   COMPRESSED   0x00000003   PAD
    0x200000dc   COMPRESSED   0x00000009   Data   RW          822    .data.USBD_CUSTOM_HID_Desc  usbd_customhid.o
    0x200000e5   COMPRESSED   0x00000003   PAD
    0x200000e8   COMPRESSED   0x0000000a   Data   RW          826    .data.USBD_CUSTOM_HID_DeviceQualifierDesc  usbd_customhid.o
    0x200000f2   COMPRESSED   0x00000002   PAD
    0x200000f4   COMPRESSED   0x00000029   Data   RW          825    .data.USBD_CUSTOM_HID_OtherSpeedCfgDesc  usbd_customhid.o
    0x2000011d   COMPRESSED   0x00000003   PAD
    0x20000120   COMPRESSED   0x00000010   Data   RW          105    .data.USBD_CustomHID_fops_FS  usbd_custom_hid_if.o
    0x20000130   COMPRESSED   0x00000012   Data   RW           86    .data.USBD_FS_DeviceDesc  usbd_desc.o
    0x20000142   COMPRESSED   0x00000002   PAD
    0x20000144   COMPRESSED   0x00000004   Data   RW           87    .data.USBD_LangIDDesc  usbd_desc.o
    0x20000148   COMPRESSED   0x0000001a   Data   RW           88    .data.USBD_StringSerial  usbd_desc.o
    0x20000162   COMPRESSED   0x00000006   PAD
    0x20000168        -       0x00000060   Zero   RW          867    .bss                c_w.l(libspace.o)
    0x200001c8        -       0x00000001   Zero   RW          766    .bss.USBD_SetConfig.cfgidx  usbd_ctlreq.o
    0x200001c9   COMPRESSED   0x00000003   PAD
    0x200001cc        -       0x00000200   Zero   RW           89    .bss.USBD_StrDesc   usbd_desc.o
    0x200003cc        -       0x00000058   Zero   RW          177    .bss.USBD_static_malloc.mem  usbd_conf.o
    0x20000424        -       0x00000040   Zero   RW           18    .bss.USB_Recive_Buffer  main.o
    0x20000464        -       0x000002c4   Zero   RW           64    .bss.hUsbDeviceFS   usb_device.o
    0x20000728        -       0x000002f0   Zero   RW          176    .bss.hpcd_USB_FS    usbd_conf.o
    0x20000a18        -       0x00000004   Zero   RW          406    .bss.uwTick         stm32f1xx_hal.o
    0x20000a1c   COMPRESSED   0x00000004   PAD
    0x20000a20        -       0x00000200   Zero   RW            2    HEAP                startup_stm32f103xb.o
    0x20000c20        -       0x00000400   Zero   RW            1    STACK               startup_stm32f103xb.o


==============================================================================

Image component sizes


      Code (inc. data)   RO Data    RW Data    ZI Data      Debug   Object Name

       196          0          0          0         64       2835   main.o
        64         26        236          0       1536        784   startup_stm32f103xb.o
       188          0          0          8          4       5732   stm32f1xx_hal.o
       200          0          0          0          0       8490   stm32f1xx_hal_cortex.o
        50          0          0          0          0        927   stm32f1xx_hal_msp.o
      3278          0          0          0          0      16629   stm32f1xx_hal_pcd.o
        58          0          0          0          0       4041   stm32f1xx_hal_pcd_ex.o
      1394          0         18          0          0       7662   stm32f1xx_hal_rcc.o
       266          0          0          0          0       3563   stm32f1xx_hal_rcc_ex.o
        32          0          0          0          0       3755   stm32f1xx_it.o
      3498          4          0          0          0      21878   stm32f1xx_ll_usb.o
         2          0         16          4          0       1612   system_stm32f1xx.o
       114          0          0          0        708       2900   usb_device.o
       658          0          0          0        840      16084   usbd_conf.o
       710          0          0          0          0       7501   usbd_core.o
      1420         38          0          0          1       8326   usbd_ctlreq.o
       432          0          0         50          0       3216   usbd_custom_hid_if.o
       642         24          0        198          0       8147   usbd_customhid.o
       572         84          0         76        512       4250   usbd_desc.o
       128          0          0          0          0       4388   usbd_ioreq.o

    ----------------------------------------------------------------------
     14042        176        302        356       3676     132720   Object Totals
         0          0         32          0          0          0   (incl. Generated)
       140          0          0         20         11          0   (incl. Padding)

    ----------------------------------------------------------------------

      Code (inc. data)   RO Data    RW Data    ZI Data      Debug   Library Member Name

        90          0          0          0          0          0   __dczerorl2.o
         8          0          0          0          0         68   __main.o
         0          0          0          0          0          0   __rtentry.o
        12          0          0          0          0          0   __rtentry2.o
         6          0          0          0          0          0   __rtentry4.o
        52          8          0          0          0          0   __scatter.o
        28          0          0          0          0          0   __scatter_zi.o
        18          0          0          0          0         80   exit.o
         6          0          0          0          0        152   heapauxi.o
         0          0          0          0          0          0   indicate_semi.o
         2          0          0          0          0          0   libinit.o
         2          0          0          0          0          0   libinit2.o
         2          0          0          0          0          0   libshutdown.o
         2          0          0          0          0          0   libshutdown2.o
         8          4          0          0         96         68   libspace.o
         2          0          0          0          0          0   rtexit.o
        10          0          0          0          0          0   rtexit2.o
        12          4          0          0          0         68   sys_exit.o
        74          0          0          0          0         80   sys_stackheap_outer.o
         2          0          0          0          0         68   use_no_semi.o

    ----------------------------------------------------------------------
       344         16          0          0         96        584   Library Totals
         8          0          0          0          0          0   (incl. Padding)

    ----------------------------------------------------------------------

      Code (inc. data)   RO Data    RW Data    ZI Data      Debug   Library Name

       336         16          0          0         96        584   c_w.l

    ----------------------------------------------------------------------
       344         16          0          0         96        584   Library Totals

    ----------------------------------------------------------------------

==============================================================================


      Code (inc. data)   RO Data    RW Data    ZI Data      Debug   

     14386        192        302        356       3772     132836   Grand Totals
     14386        192        302        184       3772     132836   ELF Image Totals (compressed)
     14386        192        302        184          0          0   ROM Totals

==============================================================================

    Total RO  Size (Code + RO Data)                14688 (  14.34kB)
    Total RW  Size (RW Data + ZI Data)              4128 (   4.03kB)
    Total ROM Size (Code + RO Data + RW Data)      14872 (  14.52kB)

==============================================================================

